Component: ARM Compiler 5.06 update 1 (build 61) Tool: armlink [4d35a8]

==============================================================================

Section Cross References

    heap_1.o(i.pvPortMalloc) refers to tasks.o(i.vTaskSuspendAll) for vTaskSuspendAll
    heap_1.o(i.pvPortMalloc) refers to tasks.o(i.xTaskResumeAll) for xTaskResumeAll
    heap_1.o(i.pvPortMalloc) refers to heap_1.o(.data) for .data
    heap_1.o(i.pvPortMalloc) refers to heap_1.o(.bss) for .bss
    heap_1.o(i.vPortFree) refers to port.o(.emb_text) for ulPortSetInterruptMask
    heap_1.o(i.vPortInitialiseBlocks) refers to heap_1.o(.data) for .data
    heap_1.o(i.xPortGetFreeHeapSize) refers to heap_1.o(.data) for .data
    cmsis_os.o(i.osDelay) refers to tasks.o(i.vTaskDelay) for vTaskDelay
    cmsis_os.o(i.osKernelRunning) refers to tasks.o(i.xTaskGetSchedulerState) for xTaskGetSchedulerState
    cmsis_os.o(i.osKernelStart) refers to tasks.o(i.vTaskStartScheduler) for vTaskStartScheduler
    cmsis_os.o(i.osKernelSysTick) refers to cmsis_os.o(i.inHandlerMode) for inHandlerMode
    cmsis_os.o(i.osKernelSysTick) refers to tasks.o(i.xTaskGetTickCountFromISR) for xTaskGetTickCountFromISR
    cmsis_os.o(i.osKernelSysTick) refers to tasks.o(i.xTaskGetTickCount) for xTaskGetTickCount
    cmsis_os.o(i.osMailAlloc) refers to cmsis_os.o(i.osPoolAlloc) for osPoolAlloc
    cmsis_os.o(i.osMailCAlloc) refers to cmsis_os.o(i.osMailAlloc) for osMailAlloc
    cmsis_os.o(i.osMailCreate) refers to heap_1.o(i.pvPortMalloc) for pvPortMalloc
    cmsis_os.o(i.osMailCreate) refers to queue.o(i.xQueueGenericCreate) for xQueueGenericCreate
    cmsis_os.o(i.osMailCreate) refers to cmsis_os.o(i.osPoolCreate) for osPoolCreate
    cmsis_os.o(i.osMailCreate) refers to heap_1.o(i.vPortFree) for vPortFree
    cmsis_os.o(i.osMailFree) refers to cmsis_os.o(i.osPoolFree) for osPoolFree
    cmsis_os.o(i.osMailGet) refers to cmsis_os.o(i.inHandlerMode) for inHandlerMode
    cmsis_os.o(i.osMailGet) refers to queue.o(i.xQueueReceiveFromISR) for xQueueReceiveFromISR
    cmsis_os.o(i.osMailGet) refers to queue.o(i.xQueueGenericReceive) for xQueueGenericReceive
    cmsis_os.o(i.osMailPut) refers to cmsis_os.o(i.inHandlerMode) for inHandlerMode
    cmsis_os.o(i.osMailPut) refers to queue.o(i.xQueueGenericSendFromISR) for xQueueGenericSendFromISR
    cmsis_os.o(i.osMailPut) refers to queue.o(i.xQueueGenericSend) for xQueueGenericSend
    cmsis_os.o(i.osMessageCreate) refers to queue.o(i.xQueueGenericCreate) for xQueueGenericCreate
    cmsis_os.o(i.osMessageGet) refers to cmsis_os.o(i.inHandlerMode) for inHandlerMode
    cmsis_os.o(i.osMessageGet) refers to queue.o(i.xQueueReceiveFromISR) for xQueueReceiveFromISR
    cmsis_os.o(i.osMessageGet) refers to queue.o(i.xQueueGenericReceive) for xQueueGenericReceive
    cmsis_os.o(i.osMessagePeek) refers to queue.o(i.xQueueGenericReceive) for xQueueGenericReceive
    cmsis_os.o(i.osMessagePut) refers to cmsis_os.o(i.inHandlerMode) for inHandlerMode
    cmsis_os.o(i.osMessagePut) refers to queue.o(i.xQueueGenericSendFromISR) for xQueueGenericSendFromISR
    cmsis_os.o(i.osMessagePut) refers to queue.o(i.xQueueGenericSend) for xQueueGenericSend
    cmsis_os.o(i.osMutexCreate) refers to queue.o(i.xQueueCreateMutex) for xQueueCreateMutex
    cmsis_os.o(i.osMutexDelete) refers to cmsis_os.o(i.inHandlerMode) for inHandlerMode
    cmsis_os.o(i.osMutexDelete) refers to queue.o(i.vQueueDelete) for vQueueDelete
    cmsis_os.o(i.osMutexRelease) refers to cmsis_os.o(i.inHandlerMode) for inHandlerMode
    cmsis_os.o(i.osMutexRelease) refers to queue.o(i.xQueueGiveFromISR) for xQueueGiveFromISR
    cmsis_os.o(i.osMutexRelease) refers to queue.o(i.xQueueGenericSend) for xQueueGenericSend
    cmsis_os.o(i.osMutexWait) refers to cmsis_os.o(i.inHandlerMode) for inHandlerMode
    cmsis_os.o(i.osMutexWait) refers to queue.o(i.xQueueReceiveFromISR) for xQueueReceiveFromISR
    cmsis_os.o(i.osMutexWait) refers to queue.o(i.xQueueGenericReceive) for xQueueGenericReceive
    cmsis_os.o(i.osPoolAlloc) refers to cmsis_os.o(i.inHandlerMode) for inHandlerMode
    cmsis_os.o(i.osPoolAlloc) refers to port.o(.emb_text) for ulPortSetInterruptMask
    cmsis_os.o(i.osPoolAlloc) refers to port.o(i.vPortEnterCritical) for vPortEnterCritical
    cmsis_os.o(i.osPoolAlloc) refers to port.o(i.vPortExitCritical) for vPortExitCritical
    cmsis_os.o(i.osPoolCAlloc) refers to cmsis_os.o(i.osPoolAlloc) for osPoolAlloc
    cmsis_os.o(i.osPoolCreate) refers to heap_1.o(i.pvPortMalloc) for pvPortMalloc
    cmsis_os.o(i.osPoolCreate) refers to heap_1.o(i.vPortFree) for vPortFree
    cmsis_os.o(i.osRecursiveMutexCreate) refers to queue.o(i.xQueueCreateMutex) for xQueueCreateMutex
    cmsis_os.o(i.osRecursiveMutexRelease) refers to queue.o(i.xQueueGiveMutexRecursive) for xQueueGiveMutexRecursive
    cmsis_os.o(i.osRecursiveMutexWait) refers to queue.o(i.xQueueTakeMutexRecursive) for xQueueTakeMutexRecursive
[...]
    entry2.o(.ARM.Collect$$$$00000001) refers to entry2.o(.ARM.Collect$$$$00002712) for __lit__00000000
    entry2.o(.ARM.Collect$$$$00002712) refers to startup_stm32f103xb.o(STACK) for __initial_sp
    entry2.o(__vectab_stack_and_reset_area) refers to startup_stm32f103xb.o(STACK) for __initial_sp
    entry2.o(__vectab_stack_and_reset_area) refers to entry.o(.ARM.Collect$$$$00000000) for __main
    entry5.o(.ARM.Collect$$$$00000004) refers to init.o(.text) for __scatterload
    entry9a.o(.ARM.Collect$$$$0000000B) refers to main.o(i.main) for main
    entry9b.o(.ARM.Collect$$$$0000000C) refers to main.o(i.main) for main
    init.o(.text) refers to entry5.o(.ARM.Collect$$$$00000004) for __main_after_scatterload


==============================================================================

Removing Unused input sections from the image.

    Removing heap_1.o(i.vPortInitialiseBlocks), (12 bytes).
    Removing heap_1.o(i.xPortGetFreeHeapSize), (16 bytes).
    Removing cmsis_os.o(i.makeCmsisPriority), (14 bytes).
    Removing cmsis_os.o(i.osDelay), (14 bytes).
    Removing cmsis_os.o(i.osDelayUntil), (4 bytes).
    Removing cmsis_os.o(i.osKernelRunning), (18 bytes).
    Removing cmsis_os.o(i.osKernelSysTick), (24 bytes).
    Removing cmsis_os.o(i.osMailAlloc), (12 bytes).
    Removing cmsis_os.o(i.osMailCAlloc), (24 bytes).
    Removing cmsis_os.o(i.osMailCreate), (92 bytes).
    Removing cmsis_os.o(i.osMailFree), (12 bytes).
    Removing cmsis_os.o(i.osMailGet), (140 bytes).
    Removing cmsis_os.o(i.osMailPut), (84 bytes).
    Removing cmsis_os.o(i.osMessagePeek), (78 bytes).
    Removing cmsis_os.o(i.osMutexCreate), (6 bytes).
    Removing cmsis_os.o(i.osMutexDelete), (24 bytes).
    Removing cmsis_os.o(i.osMutexRelease), (72 bytes).
    Removing cmsis_os.o(i.osMutexWait), (96 bytes).
    Removing cmsis_os.o(i.osPoolAlloc), (96 bytes).
    Removing cmsis_os.o(i.osPoolCAlloc), (16 bytes).
    Removing cmsis_os.o(i.osPoolCreate), (94 bytes).
    Removing cmsis_os.o(i.osPoolFree), (48 bytes).
    Removing cmsis_os.o(i.osRecursiveMutexCreate), (6 bytes).
    Removing cmsis_os.o(i.osRecursiveMutexRelease), (18 bytes).
    Removing cmsis_os.o(i.osRecursiveMutexWait), (42 bytes).
    Removing cmsis_os.o(i.osSemaphoreCreate), (46 bytes).
    Removing cmsis_os.o(i.osSemaphoreDelete), (24 bytes).
    Removing cmsis_os.o(i.osSemaphoreRelease), (72 bytes).
    Removing cmsis_os.o(i.osSemaphoreWait), (96 bytes).
    Removing cmsis_os.o(i.osSignalSet), (76 bytes).
    Removing cmsis_os.o(i.osSignalWait), (88 bytes).
    Removing cmsis_os.o(i.osThreadGetId), (4 bytes).
    Removing cmsis_os.o(i.osThreadGetPriority), (32 bytes).
    Removing cmsis_os.o(i.osThreadList), (4 bytes).
    Removing cmsis_os.o(i.osThreadResume), (44 bytes).
    Removing cmsis_os.o(i.osThreadResumeAll), (18 bytes).
    Removing cmsis_os.o(i.osThreadSetPriority), (22 bytes).
    Removing cmsis_os.o(i.osThreadSuspend), (10 bytes).
    Removing cmsis_os.o(i.osThreadSuspendAll), (10 bytes).
    Removing cmsis_os.o(i.osThreadTerminate), (10 bytes).
    Removing cmsis_os.o(i.osThreadYield), (10 bytes).
    Removing cmsis_os.o(i.osTimerDelete), (44 bytes).
    Removing cmsis_os.o(i.osTimerStop), (80 bytes).
    Removing port.o(i.vPortEndScheduler), (24 bytes).
    Removing timers.o(i.pcTimerGetTimerName), (4 bytes).
    Removing timers.o(i.pvTimerGetTimerID), (26 bytes).
    Removing timers.o(i.vTimerSetTimerID), (28 bytes).
    Removing event_groups.o(i.prvTestWaitCondition), (20 bytes).
    Removing event_groups.o(i.uxEventGroupGetNumber), (8 bytes).
    Removing event_groups.o(i.vEventGroupClearBitsCallback), (4 bytes).
    Removing event_groups.o(i.vEventGroupDelete), (60 bytes).
    Removing event_groups.o(i.vEventGroupSetBitsCallback), (4 bytes).
    Removing event_groups.o(i.xEventGroupClearBits), (44 bytes).
    Removing event_groups.o(i.xEventGroupCreate), (26 bytes).
    Removing event_groups.o(i.xEventGroupGetBitsFromISR), (18 bytes).
    Removing event_groups.o(i.xEventGroupSetBits), (120 bytes).
    Removing event_groups.o(i.xEventGroupSync), (156 bytes).
    Removing event_groups.o(i.xEventGroupWaitBits), (208 bytes).
    Removing queue.o(i.ucQueueGetQueueType), (6 bytes).
    Removing queue.o(i.uxQueueGetQueueNumber), (4 bytes).
    Removing queue.o(i.uxQueueMessagesWaiting), (26 bytes).
    Removing queue.o(i.uxQueueMessagesWaitingFromISR), (14 bytes).
    Removing queue.o(i.uxQueueSpacesAvailable), (30 bytes).
    Removing queue.o(i.vQueueDelete), (26 bytes).
    Removing queue.o(i.vQueueSetQueueNumber), (4 bytes).
    Removing queue.o(i.vQueueUnregisterQueue), (36 bytes).
    Removing queue.o(i.xQueueCreateCountingSemaphore), (42 bytes).
    Removing queue.o(i.xQueueCreateMutex), (80 bytes).
    Removing queue.o(i.xQueueGiveFromISR), (118 bytes).
    Removing queue.o(i.xQueueGiveMutexRecursive), (52 bytes).
    Removing queue.o(i.xQueueIsQueueEmptyFromISR), (22 bytes).
    Removing queue.o(i.xQueueIsQueueFullFromISR), (26 bytes).
    Removing queue.o(i.xQueuePeekFromISR), (82 bytes).
    Removing queue.o(i.xQueueTakeMutexRecursive), (58 bytes).
    Removing tasks.o(i.prvListTaskWithinSingleList), (138 bytes).
    Removing tasks.o(i.prvTaskIsTaskSuspended), (44 bytes).
    Removing tasks.o(i.ulTaskNotifyTake), (140 bytes).
    Removing tasks.o(i.uxTaskGetNumberOfTasks), (12 bytes).
    Removing tasks.o(i.uxTaskGetSystemState), (148 bytes).
    Removing tasks.o(i.uxTaskGetTaskNumber), (8 bytes).
    Removing tasks.o(i.uxTaskPriorityGet), (28 bytes).
    Removing tasks.o(i.uxTaskPriorityGetFromISR), (32 bytes).
    Removing tasks.o(i.uxTaskResetEventItemValue), (24 bytes).
    Removing tasks.o(i.vTaskDelay), (80 bytes).
    Removing tasks.o(i.vTaskDelete), (140 bytes).
    Removing tasks.o(i.vTaskEndScheduler), (24 bytes).
    Removing tasks.o(i.vTaskNotifyGiveFromISR), (144 bytes).
    Removing tasks.o(i.vTaskPlaceOnUnorderedEventList), (108 bytes).
    Removing tasks.o(i.vTaskPrioritySet), (168 bytes).
    Removing tasks.o(i.vTaskResume), (104 bytes).
    Removing tasks.o(i.vTaskSetTaskNumber), (8 bytes).
    Removing tasks.o(i.vTaskSuspend), (156 bytes).
    Removing tasks.o(i.xTaskGenericNotify), (168 bytes).
    Removing tasks.o(i.xTaskGetCurrentTaskHandle), (12 bytes).
    Removing tasks.o(i.xTaskNotifyFromISR), (192 bytes).
    Removing tasks.o(i.xTaskNotifyWait), (168 bytes).
    Removing tasks.o(i.xTaskRemoveFromUnorderedEventList), (100 bytes).
    Removing tasks.o(i.xTaskResumeFromISR), (120 bytes).
    Removing stm32f1xx_hal_gpio_ex.o(.rev16_text), (4 bytes).
    Removing stm32f1xx_hal_gpio_ex.o(.revsh_text), (4 bytes).
    Removing stm32f1xx_hal_gpio_ex.o(.rrx_text), (6 bytes).
    Removing stm32f1xx_hal_gpio_ex.o(i.HAL_GPIOEx_ConfigEventout), (20 bytes).
    Removing stm32f1xx_hal_gpio_ex.o(i.HAL_GPIOEx_DisableEventout), (16 bytes).
    Removing stm32f1xx_hal_gpio_ex.o(i.HAL_GPIOEx_EnableEventout), (16 bytes).
    Removing stm32f1xx_hal_uart.o(.rev16_text), (4 bytes).
    Removing stm32f1xx_hal_uart.o(.revsh_text), (4 bytes).
    Removing stm32f1xx_hal_uart.o(.rrx_text), (6 bytes).
    Removing stm32f1xx_hal_uart.o(i.HAL_HalfDuplex_EnableReceiver), (46 bytes).
    Removing stm32f1xx_hal_uart.o(i.HAL_HalfDuplex_EnableTransmitter), (48 bytes).
    Removing stm32f1xx_hal_uart.o(i.HAL_HalfDuplex_Init), (104 bytes).
    Removing stm32f1xx_hal_uart.o(i.HAL_LIN_Init), (118 bytes).
    Removing stm32f1xx_hal_uart.o(i.HAL_LIN_SendBreak), (44 bytes).
    Removing stm32f1xx_hal_uart.o(i.HAL_MultiProcessor_EnterMuteMode), (44 bytes).
    Removing stm32f1xx_hal_uart.o(i.HAL_MultiProcessor_ExitMuteMode), (44 bytes).
    Removing stm32f1xx_hal_uart.o(i.HAL_MultiProcessor_Init), (126 bytes).
    Removing stm32f1xx_hal_uart.o(i.HAL_UART_DMAPause), (90 bytes).
    Removing stm32f1xx_hal_uart.o(i.HAL_UART_DMAResume), (104 bytes).
    Removing stm32f1xx_hal_uart.o(i.HAL_UART_DMAStop), (40 bytes).
    Removing stm32f1xx_hal_uart.o(i.HAL_UART_DeInit), (60 bytes).
    Removing stm32f1xx_hal_uart.o(i.HAL_UART_ErrorCallback), (2 bytes).
    Removing stm32f1xx_hal_uart.o(i.HAL_UART_GetError), (4 bytes).
    Removing stm32f1xx_hal_uart.o(i.HAL_UART_GetState), (6 bytes).
    Removing stm32f1xx_hal_uart.o(i.HAL_UART_IRQHandler), (242 bytes).
    Removing stm32f1xx_hal_uart.o(i.HAL_UART_MspDeInit), (2 bytes).
    Removing stm32f1xx_hal_uart.o(i.HAL_UART_MspInit), (2 bytes).
    Removing stm32f1xx_hal_uart.o(i.HAL_UART_Receive), (204 bytes).
    Removing stm32f1xx_hal_uart.o(i.HAL_UART_Receive_DMA), (136 bytes).
    Removing stm32f1xx_hal_uart.o(i.HAL_UART_Receive_IT), (106 bytes).
    Removing stm32f1xx_hal_uart.o(i.HAL_UART_RxCpltCallback), (2 bytes).
    Removing stm32f1xx_hal_uart.o(i.HAL_UART_RxHalfCpltCallback), (2 bytes).
    Removing stm32f1xx_hal_uart.o(i.HAL_UART_Transmit_DMA), (144 bytes).
    Removing stm32f1xx_hal_uart.o(i.HAL_UART_Transmit_IT), (96 bytes).
    Removing stm32f1xx_hal_uart.o(i.HAL_UART_TxCpltCallback), (2 bytes).
    Removing stm32f1xx_hal_uart.o(i.HAL_UART_TxHalfCpltCallback), (2 bytes).
    Removing stm32f1xx_hal_uart.o(i.UART_DMAError), (30 bytes).
    Removing stm32f1xx_hal_uart.o(i.UART_DMAReceiveCplt), (54 bytes).
    Removing stm32f1xx_hal_uart.o(i.UART_DMARxHalfCplt), (10 bytes).
    Removing stm32f1xx_hal_uart.o(i.UART_DMATransmitCplt), (46 bytes).
    Removing stm32f1xx_hal_uart.o(i.UART_DMATxHalfCplt), (10 bytes).
    Removing stm32f1xx_hal_uart.o(i.UART_Receive_IT), (168 bytes).
    Removing stm32f1xx_hal_uart.o(i.UART_Transmit_IT), (102 bytes).
    Removing stm32f1xx_hal_flash.o(.rev16_text), (4 bytes).
    Removing stm32f1xx_hal_flash.o(.revsh_text), (4 bytes).
    Removing stm32f1xx_hal_flash.o(.rrx_text), (6 bytes).
    Removing stm32f1xx_hal_flash.o(i.FLASH_Program_HalfWord), (28 bytes).
    Removing stm32f1xx_hal_flash.o(i.FLASH_SetErrorCode), (68 bytes).
    Removing stm32f1xx_hal_flash.o(i.FLASH_WaitForLastOperation), (80 bytes).
    Removing stm32f1xx_hal_flash.o(i.HAL_FLASH_EndOfOperationCallback), (2 bytes).
    Removing stm32f1xx_hal_flash.o(i.HAL_FLASH_GetError), (12 bytes).
    Removing stm32f1xx_hal_flash.o(i.HAL_FLASH_IRQHandler), (256 bytes).
    Removing stm32f1xx_hal_flash.o(i.HAL_FLASH_Lock), (20 bytes).
    Removing stm32f1xx_hal_flash.o(i.HAL_FLASH_OB_Launch), (10 bytes).
    Removing stm32f1xx_hal_flash.o(i.HAL_FLASH_OB_Lock), (20 bytes).
    Removing stm32f1xx_hal_flash.o(i.HAL_FLASH_OB_Unlock), (36 bytes).
    Removing stm32f1xx_hal_flash.o(i.HAL_FLASH_OperationErrorCallback), (2 bytes).
    Removing stm32f1xx_hal_flash.o(i.HAL_FLASH_Program), (128 bytes).
    Removing stm32f1xx_hal_flash.o(i.HAL_FLASH_Program_IT), (100 bytes).
    Removing stm32f1xx_hal_flash.o(i.HAL_FLASH_Unlock), (36 bytes).
    Removing stm32f1xx_hal_flash.o(.bss), (32 bytes).
    Removing stm32f1xx_hal.o(.rev16_text), (4 bytes).
    Removing stm32f1xx_hal.o(.revsh_text), (4 bytes).
    Removing stm32f1xx_hal.o(.rrx_text), (6 bytes).
    Removing stm32f1xx_hal.o(i.HAL_DBGMCU_DisableDBGSleepMode), (16 bytes).
    Removing stm32f1xx_hal.o(i.HAL_DBGMCU_DisableDBGStandbyMode), (16 bytes).
    Removing stm32f1xx_hal.o(i.HAL_DBGMCU_DisableDBGStopMode), (16 bytes).
    Removing stm32f1xx_hal.o(i.HAL_DBGMCU_EnableDBGSleepMode), (16 bytes).
    Removing stm32f1xx_hal.o(i.HAL_DBGMCU_EnableDBGStandbyMode), (16 bytes).
    Removing stm32f1xx_hal.o(i.HAL_DBGMCU_EnableDBGStopMode), (16 bytes).
    Removing stm32f1xx_hal.o(i.HAL_DeInit), (32 bytes).
    Removing stm32f1xx_hal.o(i.HAL_GetDEVID), (16 bytes).
    Removing stm32f1xx_hal.o(i.HAL_GetHalVersion), (6 bytes).
    Removing stm32f1xx_hal.o(i.HAL_GetREVID), (28 bytes).
    Removing stm32f1xx_hal.o(i.HAL_IncTick), (16 bytes).
    Removing stm32f1xx_hal.o(i.HAL_MspDeInit), (2 bytes).
    Removing stm32f1xx_hal.o(i.HAL_MspInit), (2 bytes).
    Removing stm32f1xx_hal.o(i.HAL_ResumeTick), (14 bytes).
    Removing stm32f1xx_hal.o(i.HAL_SuspendTick), (14 bytes).
    Removing stm32f1xx_hal_adc_ex.o(.rev16_text), (4 bytes).
    Removing stm32f1xx_hal_adc_ex.o(.revsh_text), (4 bytes).
    Removing stm32f1xx_hal_adc_ex.o(.rrx_text), (6 bytes).
    Removing stm32f1xx_hal_adc_ex.o(i.HAL_ADCEx_Calibration_Start), (200 bytes).
    Removing stm32f1xx_hal_adc_ex.o(i.HAL_ADCEx_InjectedConfigChannel), (568 bytes).
    Removing stm32f1xx_hal_adc_ex.o(i.HAL_ADCEx_InjectedGetValue), (42 bytes).
    Removing stm32f1xx_hal_adc_ex.o(i.HAL_ADCEx_InjectedPollForConversion), (292 bytes).
    Removing stm32f1xx_hal_adc_ex.o(i.HAL_ADCEx_InjectedStart), (168 bytes).
    Removing stm32f1xx_hal_adc_ex.o(i.HAL_ADCEx_InjectedStart_IT), (180 bytes).
    Removing stm32f1xx_hal_adc_ex.o(i.HAL_ADCEx_InjectedStop), (78 bytes).
    Removing stm32f1xx_hal_adc_ex.o(i.HAL_ADCEx_InjectedStop_IT), (88 bytes).
    Removing stm32f1xx_hal_adc_ex.o(i.HAL_ADCEx_MultiModeConfigChannel), (100 bytes).
    Removing stm32f1xx_hal_adc_ex.o(i.HAL_ADCEx_MultiModeGetValue), (32 bytes).
    Removing stm32f1xx_hal_adc_ex.o(i.HAL_ADCEx_MultiModeStart_DMA), (232 bytes).
    Removing stm32f1xx_hal_adc_ex.o(i.HAL_ADCEx_MultiModeStop_DMA), (124 bytes).
    Removing stm32f1xx_hal_cortex.o(.rev16_text), (4 bytes).
    Removing stm32f1xx_hal_cortex.o(.revsh_text), (4 bytes).
    Removing stm32f1xx_hal_cortex.o(.rrx_text), (6 bytes).
    Removing stm32f1xx_hal_cortex.o(i.HAL_NVIC_ClearPendingIRQ), (22 bytes).
    Removing stm32f1xx_hal_cortex.o(i.HAL_NVIC_DisableIRQ), (22 bytes).
    Removing stm32f1xx_hal_cortex.o(i.HAL_NVIC_GetActive), (32 bytes).
    Removing stm32f1xx_hal_cortex.o(i.HAL_NVIC_GetPendingIRQ), (32 bytes).
    Removing stm32f1xx_hal_cortex.o(i.HAL_NVIC_GetPriority), (82 bytes).
    Removing stm32f1xx_hal_cortex.o(i.HAL_NVIC_GetPriorityGrouping), (16 bytes).
    Removing stm32f1xx_hal_cortex.o(i.HAL_NVIC_SetPendingIRQ), (22 bytes).
    Removing stm32f1xx_hal_cortex.o(i.HAL_NVIC_SystemReset), (36 bytes).
    Removing stm32f1xx_hal_cortex.o(i.HAL_SYSTICK_Callback), (2 bytes).
    Removing stm32f1xx_hal_cortex.o(i.HAL_SYSTICK_IRQHandler), (8 bytes).
    Removing stm32f1xx_hal_flash_ex.o(.rev16_text), (4 bytes).
    Removing stm32f1xx_hal_flash_ex.o(.revsh_text), (4 bytes).
    Removing stm32f1xx_hal_flash_ex.o(.rrx_text), (6 bytes).
    Removing stm32f1xx_hal_flash_ex.o(i.FLASH_MassErase), (36 bytes).
    Removing stm32f1xx_hal_flash_ex.o(i.FLASH_OB_DisableWRP), (176 bytes).
    Removing stm32f1xx_hal_flash_ex.o(i.FLASH_OB_EnableWRP), (176 bytes).
    Removing stm32f1xx_hal_flash_ex.o(i.FLASH_OB_GetRDP), (24 bytes).
    Removing stm32f1xx_hal_flash_ex.o(i.FLASH_OB_RDP_LevelConfig), (100 bytes).
    Removing stm32f1xx_hal_flash_ex.o(i.FLASH_PageErase), (36 bytes).
    Removing stm32f1xx_hal_flash_ex.o(i.HAL_FLASHEx_Erase), (168 bytes).
    Removing stm32f1xx_hal_flash_ex.o(i.HAL_FLASHEx_Erase_IT), (84 bytes).
    Removing stm32f1xx_hal_flash_ex.o(i.HAL_FLASHEx_OBErase), (84 bytes).
    Removing stm32f1xx_hal_flash_ex.o(i.HAL_FLASHEx_OBGetConfig), (48 bytes).
    Removing stm32f1xx_hal_flash_ex.o(i.HAL_FLASHEx_OBProgram), (176 bytes).
    Removing stm32f1xx_hal_dma.o(.rev16_text), (4 bytes).
    Removing stm32f1xx_hal_dma.o(.revsh_text), (4 bytes).
    Removing stm32f1xx_hal_dma.o(.rrx_text), (6 bytes).
    Removing stm32f1xx_hal_dma.o(i.DMA_SetConfig), (30 bytes).
    Removing stm32f1xx_hal_dma.o(i.HAL_DMA_Abort), (86 bytes).
    Removing stm32f1xx_hal_dma.o(i.HAL_DMA_DeInit), (296 bytes).
    Removing stm32f1xx_hal_dma.o(i.HAL_DMA_GetError), (4 bytes).
    Removing stm32f1xx_hal_dma.o(i.HAL_DMA_GetState), (6 bytes).
    Removing stm32f1xx_hal_dma.o(i.HAL_DMA_IRQHandler), (620 bytes).
    Removing stm32f1xx_hal_dma.o(i.HAL_DMA_Init), (80 bytes).
    Removing stm32f1xx_hal_dma.o(i.HAL_DMA_PollForTransfer), (572 bytes).
    Removing stm32f1xx_hal_dma.o(i.HAL_DMA_Start), (58 bytes).
    Removing stm32f1xx_hal_dma.o(i.HAL_DMA_Start_IT), (88 bytes).
    Removing stm32f1xx_hal_rcc_ex.o(.rev16_text), (4 bytes).
    Removing stm32f1xx_hal_rcc_ex.o(.revsh_text), (4 bytes).
    Removing stm32f1xx_hal_rcc_ex.o(.rrx_text), (6 bytes).
    Removing stm32f1xx_hal_rcc_ex.o(i.HAL_RCCEx_GetPeriphCLKConfig), (44 bytes).
    Removing stm32f1xx_hal_rcc_ex.o(i.HAL_RCCEx_GetPeriphCLKFreq), (240 bytes).
    Removing stm32f1xx_hal_adc.o(.rev16_text), (4 bytes).
    Removing stm32f1xx_hal_adc.o(.revsh_text), (4 bytes).
    Removing stm32f1xx_hal_adc.o(.rrx_text), (6 bytes).
    Removing stm32f1xx_hal_adc.o(i.ADC_DMAConvCplt), (78 bytes).
    Removing stm32f1xx_hal_adc.o(i.ADC_DMAError), (26 bytes).
    Removing stm32f1xx_hal_adc.o(i.ADC_DMAHalfConvCplt), (10 bytes).
    Removing stm32f1xx_hal_adc.o(i.HAL_ADC_AnalogWDGConfig), (88 bytes).
    Removing stm32f1xx_hal_adc.o(i.HAL_ADC_ConfigChannel), (360 bytes).
    Removing stm32f1xx_hal_adc.o(i.HAL_ADC_ConvCpltCallback), (2 bytes).
    Removing stm32f1xx_hal_adc.o(i.HAL_ADC_ConvHalfCpltCallback), (2 bytes).
    Removing stm32f1xx_hal_adc.o(i.HAL_ADC_DeInit), (228 bytes).
    Removing stm32f1xx_hal_adc.o(i.HAL_ADC_ErrorCallback), (2 bytes).
    Removing stm32f1xx_hal_adc.o(i.HAL_ADC_GetError), (4 bytes).
    Removing stm32f1xx_hal_adc.o(i.HAL_ADC_GetState), (4 bytes).
    Removing stm32f1xx_hal_adc.o(i.HAL_ADC_MspDeInit), (2 bytes).
    Removing stm32f1xx_hal_adc.o(i.HAL_ADC_MspInit), (2 bytes).
    Removing stm32f1xx_hal_adc.o(i.HAL_ADC_PollForConversion), (304 bytes).
    Removing stm32f1xx_hal_adc.o(i.HAL_ADC_PollForEvent), (84 bytes).
    Removing stm32f1xx_hal_adc.o(i.HAL_ADC_Start), (192 bytes).
    Removing stm32f1xx_hal_adc.o(i.HAL_ADC_Start_DMA), (268 bytes).
    Removing stm32f1xx_hal_adc.o(i.HAL_ADC_Stop), (52 bytes).
    Removing stm32f1xx_hal_adc.o(i.HAL_ADC_Stop_DMA), (76 bytes).
    Removing stm32f1xx_hal_adc.o(i.HAL_ADC_Stop_IT), (62 bytes).
    Removing stm32f1xx_hal_pwr.o(.rev16_text), (4 bytes).
    Removing stm32f1xx_hal_pwr.o(.revsh_text), (4 bytes).
    Removing stm32f1xx_hal_pwr.o(.rrx_text), (6 bytes).
    Removing stm32f1xx_hal_pwr.o(i.HAL_PWR_ConfigPVD), (124 bytes).
    Removing stm32f1xx_hal_pwr.o(i.HAL_PWR_DeInit), (24 bytes).
    Removing stm32f1xx_hal_pwr.o(i.HAL_PWR_DisableBkUpAccess), (28 bytes).
    Removing stm32f1xx_hal_pwr.o(i.HAL_PWR_DisablePVD), (24 bytes).
    Removing stm32f1xx_hal_pwr.o(i.HAL_PWR_DisableSEVOnPend), (16 bytes).
    Removing stm32f1xx_hal_pwr.o(i.HAL_PWR_DisableSleepOnExit), (16 bytes).
    Removing stm32f1xx_hal_pwr.o(i.HAL_PWR_DisableWakeUpPin), (28 bytes).
    Removing stm32f1xx_hal_pwr.o(i.HAL_PWR_EnableBkUpAccess), (24 bytes).
    Removing stm32f1xx_hal_pwr.o(i.HAL_PWR_EnablePVD), (24 bytes).
    Removing stm32f1xx_hal_pwr.o(i.HAL_PWR_EnableSEVOnPend), (16 bytes).
    Removing stm32f1xx_hal_pwr.o(i.HAL_PWR_EnableSleepOnExit), (16 bytes).
    Removing stm32f1xx_hal_pwr.o(i.HAL_PWR_EnableWakeUpPin), (28 bytes).
    Removing stm32f1xx_hal_pwr.o(i.HAL_PWR_EnterSLEEPMode), (32 bytes).
    Removing stm32f1xx_hal_pwr.o(i.HAL_PWR_EnterSTANDBYMode), (32 bytes).
    Removing stm32f1xx_hal_pwr.o(i.HAL_PWR_EnterSTOPMode), (68 bytes).
    Removing stm32f1xx_hal_pwr.o(i.HAL_PWR_PVDCallback), (2 bytes).
    Removing stm32f1xx_hal_pwr.o(i.HAL_PWR_PVD_IRQHandler), (28 bytes).
    Removing stm32f1xx_hal_pwr.o(i.PWR_OverloadWfe), (6 bytes).
    Removing stm32f1xx_hal_gpio.o(.rev16_text), (4 bytes).
    Removing stm32f1xx_hal_gpio.o(.revsh_text), (4 bytes).
    Removing stm32f1xx_hal_gpio.o(.rrx_text), (6 bytes).
    Removing stm32f1xx_hal_gpio.o(i.HAL_GPIO_DeInit), (228 bytes).
    Removing stm32f1xx_hal_gpio.o(i.HAL_GPIO_LockPin), (34 bytes).
    Removing stm32f1xx_hal_gpio.o(i.HAL_GPIO_ReadPin), (10 bytes).
    Removing stm32f1xx_hal_gpio.o(i.HAL_GPIO_TogglePin), (8 bytes).
    Removing stm32f1xx_hal_rcc.o(.rev16_text), (4 bytes).
    Removing stm32f1xx_hal_rcc.o(.revsh_text), (4 bytes).
    Removing stm32f1xx_hal_rcc.o(.rrx_text), (6 bytes).
    Removing stm32f1xx_hal_rcc.o(i.HAL_RCC_CSSCallback), (2 bytes).
    Removing stm32f1xx_hal_rcc.o(i.HAL_RCC_DeInit), (68 bytes).
    Removing stm32f1xx_hal_rcc.o(i.HAL_RCC_DisableCSS), (28 bytes).
    Removing stm32f1xx_hal_rcc.o(i.HAL_RCC_EnableCSS), (24 bytes).
    Removing stm32f1xx_hal_rcc.o(i.HAL_RCC_GetClockConfig), (64 bytes).
    Removing stm32f1xx_hal_rcc.o(i.HAL_RCC_GetOscConfig), (156 bytes).
    Removing stm32f1xx_hal_rcc.o(i.HAL_RCC_MCOConfig), (72 bytes).
    Removing stm32f1xx_hal_rcc.o(i.HAL_RCC_NMI_IRQHandler), (24 bytes).
    Removing system_stm32f1xx.o(.rev16_text), (4 bytes).
    Removing system_stm32f1xx.o(.revsh_text), (4 bytes).
    Removing system_stm32f1xx.o(.rrx_text), (6 bytes).
    Removing system_stm32f1xx.o(i.SystemCoreClockUpdate), (104 bytes).
    Removing system_stm32f1xx.o(.constdata), (16 bytes).
    Removing startup_stm32f103xb.o(HEAP), (512 bytes).
    Removing stm32f1xx_it.o(.rev16_text), (4 bytes).
    Removing stm32f1xx_it.o(.revsh_text), (4 bytes).
    Removing stm32f1xx_it.o(.rrx_text), (6 bytes).
    Removing stm32f1xx_hal_msp.o(.rev16_text), (4 bytes).
    Removing stm32f1xx_hal_msp.o(.revsh_text), (4 bytes).
    Removing stm32f1xx_hal_msp.o(.rrx_text), (6 bytes).
    Removing adc.o(.rev16_text), (4 bytes).
    Removing adc.o(.revsh_text), (4 bytes).
    Removing adc.o(.rrx_text), (6 bytes).
    Removing adc.o(i.HAL_ADC_MspDeInit), (36 bytes).
    Removing gpio.o(.rev16_text), (4 bytes).
    Removing gpio.o(.revsh_text), (4 bytes).
    Removing gpio.o(.rrx_text), (6 bytes).
    Removing usart.o(.rev16_text), (4 bytes).
    Removing usart.o(.revsh_text), (4 bytes).
    Removing usart.o(.rrx_text), (6 bytes).
    Removing usart.o(i.HAL_UART_MspDeInit), (40 bytes).
    Removing main.o(.rev16_text), (4 bytes).
    Removing main.o(.revsh_text), (4 bytes).
    Removing main.o(.rrx_text), (6 bytes).
    Removing maintask.o(.rev16_text), (4 bytes).
    Removing maintask.o(.revsh_text), (4 bytes).
    Removing maintask.o(.rrx_text), (6 bytes).
    Removing maintask.o(.constdata), (2 bytes).
    Removing debugtimer.o(.rev16_text), (4 bytes).
    Removing debugtimer.o(.revsh_text), (4 bytes).
    Removing debugtimer.o(.rrx_text), (6 bytes).

332 unused section(s) (total 18470 bytes) removed from the image.

==============================================================================

Image Symbol Table

    Local Symbols

    Symbol Name                              Value     Ov Type        Size  Object(Section)

    ../Drivers/CMSIS/Device/ST/STM32F1xx/Source/Templates/arm/startup_stm32f103xb.s 0x00000000   Number         0  startup_stm32f103xb.o ABSOLUTE
    ../Drivers/CMSIS/Device/ST/STM32F1xx/Source/Templates/system_stm32f1xx.c 0x00000000   Number         0  system_stm32f1xx.o ABSOLUTE
    ../Drivers/STM32F1xx_HAL_Driver/Src/stm32f1xx_hal.c 0x00000000   Number         0  stm32f1xx_hal.o ABSOLUTE
    ../Drivers/STM32F1xx_HAL_Driver/Src/stm32f1xx_hal_adc.c 0x00000000   Number         0  stm32f1xx_hal_adc.o ABSOLUTE
    ../Drivers/STM32F1xx_HAL_Driver/Src/stm32f1xx_hal_adc_ex.c 0x00000000   Number         0  stm32f1xx_hal_adc_ex.o ABSOLUTE
    ../Drivers/STM32F1xx_HAL_Driver/Src/stm32f1xx_hal_cortex.c 0x00000000   Number         0  stm32f1xx_hal_cortex.o ABSOLUTE
    ../Drivers/STM32F1xx_HAL_Driver/Src/stm32f1xx_hal_dma.c 0x00000000   Number         0  stm32f1xx_hal_dma.o ABSOLUTE
    ../Drivers/STM32F1xx_HAL_Driver/Src/stm32f1xx_hal_flash.c 0x00000000   Number         0  stm32f1xx_hal_flash.o ABSOLUTE
    ../Drivers/STM32F1xx_HAL_Driver/Src/stm32f1xx_hal_flash_ex.c 0x00000000   Number         0  stm32f1xx_hal_flash_ex.o ABSOLUTE
    ../Drivers/STM32F1xx_HAL_Driver/Src/stm32f1xx_hal_gpio.c 0x00000000   Number         0  stm32f1xx_hal_gpio.o ABSOLUTE
    ../Drivers/STM32F1xx_HAL_Driver/Src/stm32f1xx_hal_gpio_ex.c 0x00000000   Number         0  stm32f1xx_hal_gpio_ex.o ABSOLUTE
    ../Drivers/STM32F1xx_HAL_Driver/Src/stm32f1xx_hal_pwr.c 0x00000000   Number         0  stm32f1xx_hal_pwr.o ABSOLUTE
    ../Drivers/STM32F1xx_HAL_Driver/Src/stm32f1xx_hal_rcc.c 0x00000000   Number         0  stm32f1xx_hal_rcc.o ABSOLUTE
    ../Drivers/STM32F1xx_HAL_Driver/Src/stm32f1xx_hal_rcc_ex.c 0x00000000   Number         0  stm32f1xx_hal_rcc_ex.o ABSOLUTE
    ../Drivers/STM32F1xx_HAL_Driver/Src/stm32f1xx_hal_uart.c 0x00000000   Number         0  stm32f1xx_hal_uart.o ABSOLUTE
    ../Middlewares/Third_Party/FreeRTOS/Source/CMSIS_RTOS/cmsis_os.c 0x00000000   Number         0  cmsis_os.o ABSOLUTE
    ../Middlewares/Third_Party/FreeRTOS/Source/croutine.c 0x00000000   Number         0  croutine.o ABSOLUTE
    ../Middlewares/Third_Party/FreeRTOS/Source/event_groups.c 0x00000000   Number         0  event_groups.o ABSOLUTE
    ../Middlewares/Third_Party/FreeRTOS/Source/list.c 0x00000000   Number         0  list.o ABSOLUTE
    ../Middlewares/Third_Party/FreeRTOS/Source/portable/MemMang/heap_1.c 0x00000000   Number         0  heap_1.o ABSOLUTE
    ../Middlewares/Third_Party/FreeRTOS/Source/portable/RVDS/ARM_CM3/port.c 0x00000000   Number         0  port.o ABSOLUTE
    ../Middlewares/Third_Party/FreeRTOS/Source/queue.c 0x00000000   Number         0  queue.o ABSOLUTE
    ../Middlewares/Third_Party/FreeRTOS/Source/tasks.c 0x00000000   Number         0  tasks.o ABSOLUTE
    ../Middlewares/Third_Party/FreeRTOS/Source/timers.c 0x00000000   Number         0  timers.o ABSOLUTE
    ../Src/adc.c                             0x00000000   Number         0  adc.o ABSOLUTE
    ../Src/gpio.c                            0x00000000   Number         0  gpio.o ABSOLUTE
    ../Src/stm32f1xx_hal_msp.c               0x00000000   Number         0  stm32f1xx_hal_msp.o ABSOLUTE
    ../Src/stm32f1xx_it.c                    0x00000000   Number         0  stm32f1xx_it.o ABSOLUTE
    ../Src/usart.c                           0x00000000   Number         0  usart.o ABSOLUTE
    ../clib/microlib/init/entry.s            0x00000000   Number         0  entry8b.o ABSOLUTE
    ../clib/microlib/init/entry.s            0x00000000   Number         0  entry8a.o ABSOLUTE
    ../clib/microlib/init/entry.s            0x00000000   Number         0  entry7b.o ABSOLUTE
    ../clib/microlib/init/entry.s            0x00000000   Number         0  entry.o ABSOLUTE
    ../clib/microlib/init/entry.s            0x00000000   Number         0  entry11b.o ABSOLUTE
    ../clib/microlib/init/entry.s            0x00000000   Number         0  entry7a.o ABSOLUTE
    ../clib/microlib/init/entry.s            0x00000000   Number         0  entry11a.o ABSOLUTE
    ../clib/microlib/init/entry.s            0x00000000   Number         0  entry10b.o ABSOLUTE
    ../clib/microlib/init/entry.s            0x00000000   Number         0  entry10a.o ABSOLUTE
    ../clib/microlib/init/entry.s            0x00000000   Number         0  entry9b.o ABSOLUTE
    ../clib/microlib/init/entry.s            0x00000000   Number         0  entry5.o ABSOLUTE
    ../clib/microlib/init/entry.s            0x00000000   Number         0  entry9a.o ABSOLUTE
    ../clib/microlib/init/entry.s            0x00000000   Number         0  entry2.o ABSOLUTE
    ../clib/microlib/longlong.c              0x00000000   Number         0  llushr.o ABSOLUTE
    ../clib/microlib/string/memcpy.c         0x00000000   Number         0  memcpya.o ABSOLUTE
    ../clib/microlib/string/memcpy.c         0x00000000   Number         0  memcpyb.o ABSOLUTE
    ../clib/microlib/string/memset.c         0x00000000   Number         0  memseta.o ABSOLUTE
    ..\Drivers\CMSIS\Device\ST\STM32F1xx\Source\Templates\system_stm32f1xx.c 0x00000000   Number         0  system_stm32f1xx.o ABSOLUTE
    ..\Drivers\STM32F1xx_HAL_Driver\Src\stm32f1xx_hal.c 0x00000000   Number         0  stm32f1xx_hal.o ABSOLUTE
    ..\Drivers\STM32F1xx_HAL_Driver\Src\stm32f1xx_hal_adc.c 0x00000000   Number         0  stm32f1xx_hal_adc.o ABSOLUTE
    ..\Drivers\STM32F1xx_HAL_Driver\Src\stm32f1xx_hal_adc_ex.c 0x00000000   Number         0  stm32f1xx_hal_adc_ex.o ABSOLUTE
    ..\Drivers\STM32F1xx_HAL_Driver\Src\stm32f1xx_hal_cortex.c 0x00000000   Number         0  stm32f1xx_hal_cortex.o ABSOLUTE
    ..\Drivers\STM32F1xx_HAL_Driver\Src\stm32f1xx_hal_dma.c 0x00000000   Number         0  stm32f1xx_hal_dma.o ABSOLUTE
    ..\Drivers\STM32F1xx_HAL_Driver\Src\stm32f1xx_hal_flash.c 0x00000000   Number         0  stm32f1xx_hal_flash.o ABSOLUTE
    ..\Drivers\STM32F1xx_HAL_Driver\Src\stm32f1xx_hal_flash_ex.c 0x00000000   Number         0  stm32f1xx_hal_flash_ex.o ABSOLUTE
    ..\Drivers\STM32F1xx_HAL_Driver\Src\stm32f1xx_hal_gpio.c 0x00000000   Number         0  stm32f1xx_hal_gpio.o ABSOLUTE
    ..\Drivers\STM32F1xx_HAL_Driver\Src\stm32f1xx_hal_gpio_ex.c 0x00000000   Number         0  stm32f1xx_hal_gpio_ex.o ABSOLUTE
    ..\Drivers\STM32F1xx_HAL_Driver\Src\stm32f1xx_hal_pwr.c 0x00000000   Number         0  stm32f1xx_hal_pwr.o ABSOLUTE
    ..\Drivers\STM32F1xx_HAL_Driver\Src\stm32f1xx_hal_rcc.c 0x00000000   Number         0  stm32f1xx_hal_rcc.o ABSOLUTE
    ..\Drivers\STM32F1xx_HAL_Driver\Src\stm32f1xx_hal_rcc_ex.c 0x00000000   Number         0  stm32f1xx_hal_rcc_ex.o ABSOLUTE
    ..\Drivers\STM32F1xx_HAL_Driver\Src\stm32f1xx_hal_uart.c 0x00000000   Number         0  stm32f1xx_hal_uart.o ABSOLUTE
    ..\Middlewares\Third_Party\FreeRTOS\Source\portable\RVDS\ARM_CM3\port.c 0x00000000   Number         0  port.o ABSOLUTE
    ..\Src\adc.c                             0x00000000   Number         0  adc.o ABSOLUTE
    ..\Src\debugTimer.cpp                    0x00000000   Number         0  debugtimer.o ABSOLUTE
    ..\Src\freertos.cpp                      0x00000000   Number         0  freertos.o ABSOLUTE
    ..\Src\gpio.c                            0x00000000   Number         0  gpio.o ABSOLUTE
    ..\Src\main.cpp                          0x00000000   Number         0  main.o ABSOLUTE
    ..\Src\mainTask.cpp                      0x00000000   Number         0  maintask.o ABSOLUTE
    ..\Src\stm32f1xx_hal_msp.c               0x00000000   Number         0  stm32f1xx_hal_msp.o ABSOLUTE
    ..\Src\stm32f1xx_it.c                    0x00000000   Number         0  stm32f1xx_it.o ABSOLUTE
    ..\Src\usart.c                           0x00000000   Number         0  usart.o ABSOLUTE
    ..\\Src\\debugTimer.cpp                  0x00000000   Number         0  debugtimer.o ABSOLUTE
    ..\\Src\\main.cpp                        0x00000000   Number         0  main.o ABSOLUTE
    ..\\Src\\mainTask.cpp                    0x00000000   Number         0  maintask.o ABSOLUTE
    dc.s                                     0x00000000   Number         0  dc.o ABSOLUTE
    handlers.s                               0x00000000   Number         0  handlers.o ABSOLUTE
    init.s                                   0x00000000   Number         0  init.o ABSOLUTE
    RESET                                    0x08000000   Section      236  startup_stm32f103xb.o(RESET)
    .ARM.Collect$$$$00000000                 0x080000ec   Section        0  entry.o(.ARM.Collect$$$$00000000)
    .ARM.Collect$$$$00000001                 0x080000ec   Section        4  entry2.o(.ARM.Collect$$$$00000001)
    .ARM.Collect$$$$00000004                 0x080000f0   Section        4  entry5.o(.ARM.Collect$$$$00000004)
    .ARM.Collect$$$$00000008                 0x080000f4   Section        0  entry7b.o(.ARM.Collect$$$$00000008)
    .ARM.Collect$$$$0000000A                 0x080000f4   Section        0  entry8b.o(.ARM.Collect$$$$0000000A)
    .ARM.Collect$$$$0000000B                 0x080000f4   Section        8  entry9a.o(.ARM.Collect$$$$0000000B)
    .ARM.Collect$$$$0000000D                 0x080000fc   Section        0  entry10a.o(.ARM.Collect$$$$0000000D)
    .ARM.Collect$$$$0000000F                 0x080000fc   Section        0  entry11a.o(.ARM.Collect$$$$0000000F)
    .ARM.Collect$$$$00002712                 0x080000fc   Section        4  entry2.o(.ARM.Collect$$$$00002712)
    __lit__00000000                          0x080000fc   Data           4  entry2.o(.ARM.Collect$$$$00002712)
    .emb_text                                0x08000100   Section      162  port.o(.emb_text)
    .text                                    0x080001a4   Section       36  startup_stm32f103xb.o(.text)
    .text                                    0x080001c8   Section        0  memcpya.o(.text)
    .text                                    0x080001ec   Section        0  memseta.o(.text)
    .text                                    0x08000210   Section       36  init.o(.text)
    i.ADC1_2_IRQHandler                      0x08000234   Section        0  stm32f1xx_it.o(i.ADC1_2_IRQHandler)
    i.ADC_ConversionStop_Disable             0x08000240   Section        0  stm32f1xx_hal_adc.o(i.ADC_ConversionStop_Disable)
    i.ADC_Enable                             0x0800028c   Section        0  stm32f1xx_hal_adc.o(i.ADC_Enable)
    i.DebugTimer                             0x080002fc   Section        0  debugtimer.o(i.DebugTimer)
    i.EXTI15_10_IRQHandler                   0x0800031c   Section        0  stm32f1xx_it.o(i.EXTI15_10_IRQHandler)
    i.HAL_ADCEx_InjectedConvCpltCallback     0x08000332   Section        0  stm32f1xx_hal_adc_ex.o(i.HAL_ADCEx_InjectedConvCpltCallback)
    i.HAL_ADC_ConvCpltCallback               0x08000334   Section        0  debugtimer.o(i.HAL_ADC_ConvCpltCallback)
    i.HAL_ADC_GetValue                       0x0800035c   Section        0  stm32f1xx_hal_adc.o(i.HAL_ADC_GetValue)
    i.HAL_ADC_IRQHandler                     0x08000362   Section        0  stm32f1xx_hal_adc.o(i.HAL_ADC_IRQHandler)
    i.HAL_ADC_Init                           0x08000448   Section        0  stm32f1xx_hal_adc.o(i.HAL_ADC_Init)
    i.HAL_ADC_LevelOutOfWindowCallback       0x08000578   Section        0  stm32f1xx_hal_adc.o(i.HAL_ADC_LevelOutOfWindowCallback)
    i.HAL_ADC_MspInit                        0x0800057c   Section        0  adc.o(i.HAL_ADC_MspInit)
    i.HAL_ADC_Start_IT                       0x080005b8   Section        0  stm32f1xx_hal_adc.o(i.HAL_ADC_Start_IT)
    i.HAL_Delay                              0x08000684   Section        0  stm32f1xx_hal.o(i.HAL_Delay)
    i.HAL_GPIO_EXTI_Callback                 0x0800069a   Section        0  stm32f1xx_hal_gpio.o(i.HAL_GPIO_EXTI_Callback)
    i.HAL_GPIO_EXTI_IRQHandler               0x0800069c   Section        0  stm32f1xx_hal_gpio.o(i.HAL_GPIO_EXTI_IRQHandler)
    i.HAL_GPIO_Init                          0x080006b4   Section        0  stm32f1xx_hal_gpio.o(i.HAL_GPIO_Init)
    i.HAL_GPIO_WritePin                      0x08000870   Section        0  stm32f1xx_hal_gpio.o(i.HAL_GPIO_WritePin)
    i.HAL_GetTick                            0x0800087c   Section        0  stm32f1xx_hal.o(i.HAL_GetTick)
    i.HAL_Init                               0x08000888   Section        0  stm32f1xx_hal.o(i.HAL_Init)
    i.HAL_InitTick                           0x080008ac   Section        0  stm32f1xx_hal.o(i.HAL_InitTick)
    i.HAL_MspInit                            0x080008d0   Section        0  stm32f1xx_hal_msp.o(i.HAL_MspInit)
    i.HAL_NVIC_EnableIRQ                     0x0800090c   Section        0  stm32f1xx_hal_cortex.o(i.HAL_NVIC_EnableIRQ)
    i.HAL_NVIC_SetPriority                   0x08000924   Section        0  stm32f1xx_hal_cortex.o(i.HAL_NVIC_SetPriority)
    i.HAL_NVIC_SetPriorityGrouping           0x08000964   Section        0  stm32f1xx_hal_cortex.o(i.HAL_NVIC_SetPriorityGrouping)
    i.HAL_RCCEx_PeriphCLKConfig              0x08000988   Section        0  stm32f1xx_hal_rcc_ex.o(i.HAL_RCCEx_PeriphCLKConfig)
    i.HAL_RCC_ClockConfig                    0x08000ab0   Section        0  stm32f1xx_hal_rcc.o(i.HAL_RCC_ClockConfig)
    i.HAL_RCC_GetHCLKFreq                    0x08000d38   Section        0  stm32f1xx_hal_rcc.o(i.HAL_RCC_GetHCLKFreq)
    i.HAL_RCC_GetPCLK1Freq                   0x08000d6c   Section        0  stm32f1xx_hal_rcc.o(i.HAL_RCC_GetPCLK1Freq)
    i.HAL_RCC_GetPCLK2Freq                   0x08000d98   Section        0  stm32f1xx_hal_rcc.o(i.HAL_RCC_GetPCLK2Freq)
    i.HAL_RCC_GetSysClockFreq                0x08000dc4   Section        0  stm32f1xx_hal_rcc.o(i.HAL_RCC_GetSysClockFreq)
    i.HAL_RCC_OscConfig                      0x08000e4c   Section        0  stm32f1xx_hal_rcc.o(i.HAL_RCC_OscConfig)
    i.HAL_SYSTICK_CLKSourceConfig            0x0800147e   Section        0  stm32f1xx_hal_cortex.o(i.HAL_SYSTICK_CLKSourceConfig)
    i.HAL_SYSTICK_Config                     0x08001496   Section        0  stm32f1xx_hal_cortex.o(i.HAL_SYSTICK_Config)
    i.HAL_UART_Init                          0x080014be   Section        0  stm32f1xx_hal_uart.o(i.HAL_UART_Init)
    i.HAL_UART_MspInit                       0x0800151c   Section        0  usart.o(i.HAL_UART_MspInit)
    i.HAL_UART_Transmit                      0x0800155c   Section        0  stm32f1xx_hal_uart.o(i.HAL_UART_Transmit)
    i.MX_ADC1_Init                           0x08001628   Section        0  adc.o(i.MX_ADC1_Init)
    i.MX_FREERTOS_Init                       0x08001650   Section        0  freertos.o(i.MX_FREERTOS_Init)
    i.MX_GPIO_Init                           0x080016ac   Section        0  gpio.o(i.MX_GPIO_Init)
    i.MX_USART2_UART_Init                    0x0800175c   Section        0  usart.o(i.MX_USART2_UART_Init)
    i.MainTask                               0x08001784   Section        0  maintask.o(i.MainTask)
    i.NVIC_SetPriority                       0x080017b0   Section        0  stm32f1xx_hal_cortex.o(i.NVIC_SetPriority)
    NVIC_SetPriority                         0x080017b1   Thumb Code    32  stm32f1xx_hal_cortex.o(i.NVIC_SetPriority)
    i.StartMainTask                          0x080017d0   Section        0  freertos.o(i.StartMainTask)
    i.SysTick_Handler                        0x080017d4   Section        0  stm32f1xx_it.o(i.SysTick_Handler)
    i.SystemClock_Config                     0x080017d8   Section        0  main.o(i.SystemClock_Config)
    i.SystemInit                             0x08001844   Section        0  system_stm32f1xx.o(i.SystemInit)
    i.UART_SetConfig                         0x0800188c   Section        0  stm32f1xx_hal_uart.o(i.UART_SetConfig)
    UART_SetConfig                           0x0800188d   Thumb Code   220  stm32f1xx_hal_uart.o(i.UART_SetConfig)
    i.UART_WaitOnFlagUntilTimeout            0x0800196c   Section        0  stm32f1xx_hal_uart.o(i.UART_WaitOnFlagUntilTimeout)
    UART_WaitOnFlagUntilTimeout              0x0800196d   Thumb Code   146  stm32f1xx_hal_uart.o(i.UART_WaitOnFlagUntilTimeout)
    i.__scatterload_copy                     0x080019fe   Section       14  handlers.o(i.__scatterload_copy)
    i.__scatterload_null                     0x08001a0c   Section        2  handlers.o(i.__scatterload_null)
    i.__scatterload_zeroinit                 0x08001a0e   Section       14  handlers.o(i.__scatterload_zeroinit)
    i.debugTimerCallback                     0x08001a1c   Section        0  freertos.o(i.debugTimerCallback)
    i.inHandlerMode                          0x08001a20   Section        0  cmsis_os.o(i.inHandlerMode)
    inHandlerMode                            0x08001a21   Thumb Code    12  cmsis_os.o(i.inHandlerMode)
    i.main                                   0x08001a2c   Section        0  main.o(i.main)
    i.makeFreeRtosPriority                   0x08001a4a   Section        0  cmsis_os.o(i.makeFreeRtosPriority)
    makeFreeRtosPriority                     0x08001a4b   Thumb Code    12  cmsis_os.o(i.makeFreeRtosPriority)
    i.osKernelStart                          0x08001a56   Section        0  cmsis_os.o(i.osKernelStart)
    i.osMessageCreate                        0x08001a60   Section        0  cmsis_os.o(i.osMessageCreate)
    i.osMessageGet                           0x08001a68   Section        0  cmsis_os.o(i.osMessageGet)
    i.osMessagePut                           0x08001af8   Section        0  cmsis_os.o(i.osMessagePut)
    i.osSystickHandler                       0x08001b4c   Section        0  cmsis_os.o(i.osSystickHandler)
    i.osThreadCreate                         0x08001b60   Section        0  cmsis_os.o(i.osThreadCreate)
    i.osTimerCreate                          0x08001b98   Section        0  cmsis_os.o(i.osTimerCreate)
    i.osTimerStart                           0x08001bbc   Section        0  cmsis_os.o(i.osTimerStart)
    i.prvAddCurrentTaskToDelayedList         0x08001c70   Section        0  tasks.o(i.prvAddCurrentTaskToDelayedList)
    prvAddCurrentTaskToDelayedList           0x08001c71   Thumb Code    48  tasks.o(i.prvAddCurrentTaskToDelayedList)
    i.prvCheckForValidListAndQueue           0x08001ca4   Section        0  timers.o(i.prvCheckForValidListAndQueue)
    prvCheckForValidListAndQueue             0x08001ca5   Thumb Code    68  timers.o(i.prvCheckForValidListAndQueue)
    i.prvCheckTasksWaitingTermination        0x08001cf8   Section        0  tasks.o(i.prvCheckTasksWaitingTermination)
    prvCheckTasksWaitingTermination          0x08001cf9   Thumb Code    76  tasks.o(i.prvCheckTasksWaitingTermination)
    i.prvCopyDataFromQueue                   0x08001d4c   Section        0  queue.o(i.prvCopyDataFromQueue)
    prvCopyDataFromQueue                     0x08001d4d   Thumb Code    38  queue.o(i.prvCopyDataFromQueue)
    i.prvCopyDataToQueue                     0x08001d72   Section        0  queue.o(i.prvCopyDataToQueue)
    prvCopyDataToQueue                       0x08001d73   Thumb Code   110  queue.o(i.prvCopyDataToQueue)
    i.prvIdleTask                            0x08001de0   Section        0  tasks.o(i.prvIdleTask)
    prvIdleTask                              0x08001de1   Thumb Code    20  tasks.o(i.prvIdleTask)
    i.prvInsertTimerInActiveList             0x08001df8   Section        0  timers.o(i.prvInsertTimerInActiveList)
    prvInsertTimerInActiveList               0x08001df9   Thumb Code    52  timers.o(i.prvInsertTimerInActiveList)
    i.prvProcessReceivedCommands             0x08001e30   Section        0  timers.o(i.prvProcessReceivedCommands)
    prvProcessReceivedCommands               0x08001e31   Thumb Code   162  timers.o(i.prvProcessReceivedCommands)
    i.prvProcessTimerOrBlockTask             0x08001ed8   Section        0  timers.o(i.prvProcessTimerOrBlockTask)
    prvProcessTimerOrBlockTask               0x08001ed9   Thumb Code   136  timers.o(i.prvProcessTimerOrBlockTask)
    i.prvResetNextTaskUnblockTime            0x08001f64   Section        0  tasks.o(i.prvResetNextTaskUnblockTime)
    prvResetNextTaskUnblockTime              0x08001f65   Thumb Code    26  tasks.o(i.prvResetNextTaskUnblockTime)
    i.prvSampleTimeNow                       0x08001f84   Section        0  timers.o(i.prvSampleTimeNow)
    prvSampleTimeNow                         0x08001f85   Thumb Code    36  timers.o(i.prvSampleTimeNow)
    i.prvSwitchTimerLists                    0x08001fac   Section        0  timers.o(i.prvSwitchTimerLists)
    prvSwitchTimerLists                      0x08001fad   Thumb Code    92  timers.o(i.prvSwitchTimerLists)
    i.prvTaskExitError                       0x0800200c   Section        0  port.o(i.prvTaskExitError)
    prvTaskExitError                         0x0800200d   Thumb Code    20  port.o(i.prvTaskExitError)
    i.prvTimerTask                           0x08002024   Section        0  timers.o(i.prvTimerTask)
    prvTimerTask                             0x08002025   Thumb Code    32  timers.o(i.prvTimerTask)
    i.prvUnlockQueue                         0x08002048   Section        0  queue.o(i.prvUnlockQueue)
    prvUnlockQueue                           0x08002049   Thumb Code   100  queue.o(i.prvUnlockQueue)
    i.pvPortMalloc                           0x080020ac   Section        0  heap_1.o(i.pvPortMalloc)
    i.pvTaskIncrementMutexHeldCount          0x080020f8   Section        0  tasks.o(i.pvTaskIncrementMutexHeldCount)
    i.pxPortInitialiseStack                  0x08002110   Section        0  port.o(i.pxPortInitialiseStack)
    i.uxListRemove                           0x08002130   Section        0  list.o(i.uxListRemove)
    i.vListInitialise                        0x08002154   Section        0  list.o(i.vListInitialise)
    i.vListInitialiseItem                    0x0800216a   Section        0  list.o(i.vListInitialiseItem)
    i.vListInsert                            0x08002170   Section        0  list.o(i.vListInsert)
    i.vListInsertEnd                         0x080021a0   Section        0  list.o(i.vListInsertEnd)
    i.vPortEnterCritical                     0x080021b8   Section        0  port.o(i.vPortEnterCritical)
    i.vPortExitCritical                      0x080021f0   Section        0  port.o(i.vPortExitCritical)
    i.vPortFree                              0x08002214   Section        0  heap_1.o(i.vPortFree)
    i.vPortSetupTimerInterrupt               0x08002224   Section        0  port.o(i.vPortSetupTimerInterrupt)
    i.vPortValidateInterruptPriority         0x08002244   Section        0  port.o(i.vPortValidateInterruptPriority)
    i.vPortYield                             0x08002284   Section        0  port.o(i.vPortYield)
    i.vQueueAddToRegistry                    0x0800229c   Section        0  queue.o(i.vQueueAddToRegistry)
    i.vQueueWaitForMessageRestricted         0x080022c4   Section        0  queue.o(i.vQueueWaitForMessageRestricted)
    i.vTaskMissedYield                       0x080022fc   Section        0  tasks.o(i.vTaskMissedYield)
    i.vTaskPlaceOnEventList                  0x08002308   Section        0  tasks.o(i.vTaskPlaceOnEventList)
    i.vTaskPlaceOnEventListRestricted        0x08002360   Section        0  tasks.o(i.vTaskPlaceOnEventListRestricted)
    i.vTaskPriorityInherit                   0x080023a4   Section        0  tasks.o(i.vTaskPriorityInherit)
    i.vTaskSetTimeOutState                   0x08002428   Section        0  tasks.o(i.vTaskSetTimeOutState)
    i.vTaskStartScheduler                    0x08002444   Section        0  tasks.o(i.vTaskStartScheduler)
    i.vTaskSuspendAll                        0x08002498   Section        0  tasks.o(i.vTaskSuspendAll)
    i.vTaskSwitchContext                     0x080024a8   Section        0  tasks.o(i.vTaskSwitchContext)
    i.xPortStartScheduler                    0x080024fc   Section        0  port.o(i.xPortStartScheduler)
    i.xPortSysTickHandler                    0x08002570   Section        0  port.o(i.xPortSysTickHandler)
    i.xQueueGenericCreate                    0x08002594   Section        0  queue.o(i.xQueueGenericCreate)
    i.xQueueGenericReceive                   0x080025e4   Section        0  queue.o(i.xQueueGenericReceive)
    i.xQueueGenericReset                     0x08002712   Section        0  queue.o(i.xQueueGenericReset)
    i.xQueueGenericSend                      0x0800277c   Section        0  queue.o(i.xQueueGenericSend)
    i.xQueueGenericSendFromISR               0x08002890   Section        0  queue.o(i.xQueueGenericSendFromISR)
    i.xQueueReceiveFromISR                   0x0800291c   Section        0  queue.o(i.xQueueReceiveFromISR)
    i.xTaskCheckForTimeOut                   0x08002994   Section        0  tasks.o(i.xTaskCheckForTimeOut)
    i.xTaskGenericCreate                     0x080029ec   Section        0  tasks.o(i.xTaskGenericCreate)
    i.xTaskGetSchedulerState                 0x08002b78   Section        0  tasks.o(i.xTaskGetSchedulerState)
    i.xTaskGetTickCount                      0x08002b94   Section        0  tasks.o(i.xTaskGetTickCount)
    i.xTaskGetTickCountFromISR               0x08002ba0   Section        0  tasks.o(i.xTaskGetTickCountFromISR)
    i.xTaskIncrementTick                     0x08002bb0   Section        0  tasks.o(i.xTaskIncrementTick)
    i.xTaskPriorityDisinherit                0x08002c70   Section        0  tasks.o(i.xTaskPriorityDisinherit)
    i.xTaskRemoveFromEventList               0x08002cf4   Section        0  tasks.o(i.xTaskRemoveFromEventList)
    i.xTaskResumeAll                         0x08002d60   Section        0  tasks.o(i.xTaskResumeAll)
    i.xTimerCreate                           0x08002e0c   Section        0  timers.o(i.xTimerCreate)
    i.xTimerCreateTimerTask                  0x08002e4c   Section        0  timers.o(i.xTimerCreateTimerTask)
    i.xTimerGenericCommand                   0x08002e90   Section        0  timers.o(i.xTimerGenericCommand)
    i.xTimerIsTimerActive                    0x08002ed8   Section        0  timers.o(i.xTimerIsTimerActive)
    .constdata                               0x08002ef2   Section       16  stm32f1xx_hal_rcc.o(.constdata)
    .constdata                               0x08002f04   Section       32  freertos.o(.constdata)
    .conststring                             0x08002f24   Section        9  freertos.o(.conststring)
    .data                                    0x20000000   Section        8  heap_1.o(.data)
    xNextFreeByte                            0x20000000   Data           4  heap_1.o(.data)
    pucAlignedHeap                           0x20000004   Data           4  heap_1.o(.data)
    .data                                    0x20000008   Section       12  port.o(.data)
    ucMaxSysCallPriority                     0x20000008   Data           1  port.o(.data)
    uxCriticalNesting                        0x2000000c   Data           4  port.o(.data)
    ulMaxPRIGROUPValue                       0x20000010   Data           4  port.o(.data)
    .data                                    0x20000014   Section       16  timers.o(.data)
    xTimerQueue                              0x20000014   Data           4  timers.o(.data)
    xLastTime                                0x20000018   Data           4  timers.o(.data)
    pxCurrentTimerList                       0x2000001c   Data           4  timers.o(.data)
    pxOverflowTimerList                      0x20000020   Data           4  timers.o(.data)
    .data                                    0x20000024   Section       56  tasks.o(.data)
    uxTasksDeleted                           0x20000028   Data           4  tasks.o(.data)
    uxCurrentNumberOfTasks                   0x2000002c   Data           4  tasks.o(.data)
    xTickCount                               0x20000030   Data           4  tasks.o(.data)
    uxTopReadyPriority                       0x20000034   Data           4  tasks.o(.data)
    xSchedulerRunning                        0x20000038   Data           4  tasks.o(.data)
    uxPendedTicks                            0x2000003c   Data           4  tasks.o(.data)
    xYieldPending                            0x20000040   Data           4  tasks.o(.data)
    xNumOfOverflows                          0x20000044   Data           4  tasks.o(.data)
    uxTaskNumber                             0x20000048   Data           4  tasks.o(.data)
    xNextTaskUnblockTime                     0x2000004c   Data           4  tasks.o(.data)
    uxSchedulerSuspended                     0x20000050   Data           4  tasks.o(.data)
    pxDelayedTaskList                        0x20000054   Data           4  tasks.o(.data)
    pxOverflowDelayedTaskList                0x20000058   Data           4  tasks.o(.data)
    .data                                    0x2000005c   Section        4  stm32f1xx_hal.o(.data)
    uwTick                                   0x2000005c   Data           4  stm32f1xx_hal.o(.data)
    .data                                    0x20000060   Section        4  system_stm32f1xx.o(.data)
    .data                                    0x20000064   Section        8  freertos.o(.data)
    .data                                    0x2000006c   Section        4  maintask.o(.data)
    .bss                                     0x20000070   Section     8192  heap_1.o(.bss)
    ucHeap                                   0x20000070   Data        8192  heap_1.o(.bss)
    .bss                                     0x20002070   Section       40  timers.o(.bss)
    xActiveTimerList1                        0x20002070   Data          20  timers.o(.bss)
    xActiveTimerList2                        0x20002084   Data          20  timers.o(.bss)
    .bss                                     0x20002098   Section       64  queue.o(.bss)
    .bss                                     0x200020d8   Section      240  tasks.o(.bss)
    pxReadyTasksLists                        0x200020d8   Data         140  tasks.o(.bss)
    xDelayedTaskList1                        0x20002164   Data          20  tasks.o(.bss)
    xDelayedTaskList2                        0x20002178   Data          20  tasks.o(.bss)
    xPendingReadyList                        0x2000218c   Data          20  tasks.o(.bss)
    xTasksWaitingTermination                 0x200021a0   Data          20  tasks.o(.bss)
    xSuspendedTaskList                       0x200021b4   Data          20  tasks.o(.bss)
    .bss                                     0x200021c8   Section       48  adc.o(.bss)
    .bss                                     0x200021f8   Section       64  usart.o(.bss)
    STACK                                    0x20002238   Section     1024  startup_stm32f103xb.o(STACK)

    Global Symbols

    Symbol Name                              Value     Ov Type        Size  Object(Section)

    BuildAttributes$$THM_ISAv4$P$D$K$B$S$PE$A:L22UL41UL21$X:L11$S22US41US21$IEEE1$IW$USESV6$~STKCKD$USESV7$~SHL$OSPACE$EBA8$MICROLIB$REQ8$PRES8$EABIv2 0x00000000   Number         0  anon$$obj.o ABSOLUTE
    __ARM_use_no_argv                        0x00000000   Number         0  main.o ABSOLUTE
    __cpp_initialize__aeabi_                  - Undefined Weak Reference
    __cxa_finalize                            - Undefined Weak Reference
    __decompress                              - Undefined Weak Reference
    _clock_init                               - Undefined Weak Reference
    _microlib_exit                            - Undefined Weak Reference
    __Vectors_Size                           0x000000ec   Number         0  startup_stm32f103xb.o ABSOLUTE
    __Vectors                                0x08000000   Data           4  startup_stm32f103xb.o(RESET)
    __Vectors_End                            0x080000ec   Data           0  startup_stm32f103xb.o(RESET)
    __main                                   0x080000ed   Thumb Code     0  entry.o(.ARM.Collect$$$$00000000)
    _main_stk                                0x080000ed   Thumb Code     0  entry2.o(.ARM.Collect$$$$00000001)
    _main_scatterload                        0x080000f1   Thumb Code     0  entry5.o(.ARM.Collect$$$$00000004)
    __main_after_scatterload                 0x080000f5   Thumb Code     0  entry5.o(.ARM.Collect$$$$00000004)
    _main_clock                              0x080000f5   Thumb Code     0  entry7b.o(.ARM.Collect$$$$00000008)
    _main_cpp_init                           0x080000f5   Thumb Code     0  entry8b.o(.ARM.Collect$$$$0000000A)
    _main_init                               0x080000f5   Thumb Code     0  entry9a.o(.ARM.Collect$$$$0000000B)
    __rt_final_cpp                           0x080000fd   Thumb Code     0  entry10a.o(.ARM.Collect$$$$0000000D)
    __rt_final_exit                          0x080000fd   Thumb Code     0  entry11a.o(.ARM.Collect$$$$0000000F)
    SVC_Handler                              0x08000101   Thumb Code    32  port.o(.emb_text)
    __asm___6_port_c_39a90d8d__prvStartFirstTask 0x08000125   Thumb Code    28  port.o(.emb_text)
    PendSV_Handler                           0x08000145   Thumb Code    64  port.o(.emb_text)
    ulPortSetInterruptMask                   0x08000189   Thumb Code    14  port.o(.emb_text)
    vPortClearInterruptMask                  0x08000197   Thumb Code     6  port.o(.emb_text)
    vPortGetIPSR                             0x0800019d   Thumb Code     6  port.o(.emb_text)
    Reset_Handler                            0x080001a5   Thumb Code     8  startup_stm32f103xb.o(.text)
    NMI_Handler                              0x080001ad   Thumb Code     2  startup_stm32f103xb.o(.text)
    HardFault_Handler                        0x080001af   Thumb Code     2  startup_stm32f103xb.o(.text)
    MemManage_Handler                        0x080001b1   Thumb Code     2  startup_stm32f103xb.o(.text)
    BusFault_Handler                         0x080001b3   Thumb Code     2  startup_stm32f103xb.o(.text)
    UsageFault_Handler                       0x080001b5   Thumb Code     2  startup_stm32f103xb.o(.text)
    DebugMon_Handler                         0x080001b9   Thumb Code     2  startup_stm32f103xb.o(.text)
    CAN1_RX1_IRQHandler                      0x080001bf   Thumb Code     0  startup_stm32f103xb.o(.text)
    CAN1_SCE_IRQHandler                      0x080001bf   Thumb Code     0  startup_stm32f103xb.o(.text)
    DMA1_Channel1_IRQHandler                 0x080001bf   Thumb Code     0  startup_stm32f103xb.o(.text)
    DMA1_Channel2_IRQHandler                 0x080001bf   Thumb Code     0  startup_stm32f103xb.o(.text)
    DMA1_Channel3_IRQHandler                 0x080001bf   Thumb Code     0  startup_stm32f103xb.o(.text)
    DMA1_Channel4_IRQHandler                 0x080001bf   Thumb Code     0  startup_stm32f103xb.o(.text)
    DMA1_Channel5_IRQHandler                 0x080001bf   Thumb Code     0  startup_stm32f103xb.o(.text)
    DMA1_Channel6_IRQHandler                 0x080001bf   Thumb Code     0  startup_stm32f103xb.o(.text)
    DMA1_Channel7_IRQHandler                 0x080001bf   Thumb Code     0  startup_stm32f103xb.o(.text)
    EXTI0_IRQHandler                         0x080001bf   Thumb Code     0  startup_stm32f103xb.o(.text)
    EXTI1_IRQHandler                         0x080001bf   Thumb Code     0  startup_stm32f103xb.o(.text)
    EXTI2_IRQHandler                         0x080001bf   Thumb Code     0  startup_stm32f103xb.o(.text)
    EXTI3_IRQHandler                         0x080001bf   Thumb Code     0  startup_stm32f103xb.o(.text)
    EXTI4_IRQHandler                         0x080001bf   Thumb Code     0  startup_stm32f103xb.o(.text)
    EXTI9_5_IRQHandler                       0x080001bf   Thumb Code     0  startup_stm32f103xb.o(.text)
    FLASH_IRQHandler                         0x080001bf   Thumb Code     0  startup_stm32f103xb.o(.text)
    I2C1_ER_IRQHandler                       0x080001bf   Thumb Code     0  startup_stm32f103xb.o(.text)
    I2C1_EV_IRQHandler                       0x080001bf   Thumb Code     0  startup_stm32f103xb.o(.text)
    I2C2_ER_IRQHandler                       0x080001bf   Thumb Code     0  startup_stm32f103xb.o(.text)
    I2C2_EV_IRQHandler                       0x080001bf   Thumb Code     0  startup_stm32f103xb.o(.text)
    PVD_IRQHandler                           0x080001bf   Thumb Code     0  startup_stm32f103xb.o(.text)
    RCC_IRQHandler                           0x080001bf   Thumb Code     0  startup_stm32f103xb.o(.text)
    RTC_Alarm_IRQHandler                     0x080001bf   Thumb Code     0  startup_stm32f103xb.o(.text)
    RTC_IRQHandler                           0x080001bf   Thumb Code     0  startup_stm32f103xb.o(.text)
    SPI1_IRQHandler                          0x080001bf   Thumb Code     0  startup_stm32f103xb.o(.text)
    SPI2_IRQHandler                          0x080001bf   Thumb Code     0  startup_stm32f103xb.o(.text)
    TAMPER_IRQHandler                        0x080001bf   Thumb Code     0  startup_stm32f103xb.o(.text)
    TIM1_BRK_IRQHandler                      0x080001bf   Thumb Code     0  startup_stm32f103xb.o(.text)
    TIM1_CC_IRQHandler                       0x080001bf   Thumb Code     0  startup_stm32f103xb.o(.text)
    TIM1_TRG_COM_IRQHandler                  0x080001bf   Thumb Code     0  startup_stm32f103xb.o(.text)
    TIM1_UP_IRQHandler                       0x080001bf   Thumb Code     0  startup_stm32f103xb.o(.text)
    TIM2_IRQHandler                          0x080001bf   Thumb Code     0  startup_stm32f103xb.o(.text)
    TIM3_IRQHandler                          0x080001bf   Thumb Code     0  startup_stm32f103xb.o(.text)
    TIM4_IRQHandler                          0x080001bf   Thumb Code     0  startup_stm32f103xb.o(.text)
    USART1_IRQHandler                        0x080001bf   Thumb Code     0  startup_stm32f103xb.o(.text)
    USART2_IRQHandler                        0x080001bf   Thumb Code     0  startup_stm32f103xb.o(.text)
    USART3_IRQHandler                        0x080001bf   Thumb Code     0  startup_stm32f103xb.o(.text)
    USBWakeUp_IRQHandler                     0x080001bf   Thumb Code     0  startup_stm32f103xb.o(.text)
    USB_HP_CAN1_TX_IRQHandler                0x080001bf   Thumb Code     0  startup_stm32f103xb.o(.text)
    USB_LP_CAN1_RX0_IRQHandler               0x080001bf   Thumb Code     0  startup_stm32f103xb.o(.text)
    WWDG_IRQHandler                          0x080001bf   Thumb Code     0  startup_stm32f103xb.o(.text)
    __aeabi_memcpy                           0x080001c9   Thumb Code    36  memcpya.o(.text)
    __aeabi_memcpy4                          0x080001c9   Thumb Code     0  memcpya.o(.text)
    __aeabi_memcpy8                          0x080001c9   Thumb Code     0  memcpya.o(.text)
    __aeabi_memset                           0x080001ed   Thumb Code    14  memseta.o(.text)
    __aeabi_memset4                          0x080001ed   Thumb Code     0  memseta.o(.text)
    __aeabi_memset8                          0x080001ed   Thumb Code     0  memseta.o(.text)
    __aeabi_memclr                           0x080001fb   Thumb Code     4  memseta.o(.text)
    __aeabi_memclr4                          0x080001fb   Thumb Code     0  memseta.o(.text)
    __aeabi_memclr8                          0x080001fb   Thumb Code     0  memseta.o(.text)
    _memset$wrapper                          0x080001ff   Thumb Code    18  memseta.o(.text)
    __scatterload                            0x08000211   Thumb Code    28  init.o(.text)
    __scatterload_rt2                        0x08000211   Thumb Code     0  init.o(.text)
    ADC1_2_IRQHandler                        0x08000235   Thumb Code     6  stm32f1xx_it.o(i.ADC1_2_IRQHandler)
    ADC_ConversionStop_Disable               0x08000241   Thumb Code    76  stm32f1xx_hal_adc.o(i.ADC_ConversionStop_Disable)
    ADC_Enable                               0x0800028d   Thumb Code   104  stm32f1xx_hal_adc.o(i.ADC_Enable)
    DebugTimer                               0x080002fd   Thumb Code    22  debugtimer.o(i.DebugTimer)
    EXTI15_10_IRQHandler                     0x0800031d   Thumb Code    22  stm32f1xx_it.o(i.EXTI15_10_IRQHandler)
    HAL_ADCEx_InjectedConvCpltCallback       0x08000333   Thumb Code     2  stm32f1xx_hal_adc_ex.o(i.HAL_ADCEx_InjectedConvCpltCallback)
    HAL_ADC_ConvCpltCallback                 0x08000335   Thumb Code    32  debugtimer.o(i.HAL_ADC_ConvCpltCallback)
    HAL_ADC_GetValue                         0x0800035d   Thumb Code     6  stm32f1xx_hal_adc.o(i.HAL_ADC_GetValue)
    HAL_ADC_IRQHandler                       0x08000363   Thumb Code   230  stm32f1xx_hal_adc.o(i.HAL_ADC_IRQHandler)
    HAL_ADC_Init                             0x08000449   Thumb Code   296  stm32f1xx_hal_adc.o(i.HAL_ADC_Init)
    HAL_ADC_LevelOutOfWindowCallback         0x08000579   Thumb Code     2  stm32f1xx_hal_adc.o(i.HAL_ADC_LevelOutOfWindowCallback)
    HAL_ADC_MspInit                          0x0800057d   Thumb Code    50  adc.o(i.HAL_ADC_MspInit)
    HAL_ADC_Start_IT                         0x080005b9   Thumb Code   194  stm32f1xx_hal_adc.o(i.HAL_ADC_Start_IT)
    HAL_Delay                                0x08000685   Thumb Code    22  stm32f1xx_hal.o(i.HAL_Delay)
    HAL_GPIO_EXTI_Callback                   0x0800069b   Thumb Code     2  stm32f1xx_hal_gpio.o(i.HAL_GPIO_EXTI_Callback)
    HAL_GPIO_EXTI_IRQHandler                 0x0800069d   Thumb Code    18  stm32f1xx_hal_gpio.o(i.HAL_GPIO_EXTI_IRQHandler)
    HAL_GPIO_Init                            0x080006b5   Thumb Code   408  stm32f1xx_hal_gpio.o(i.HAL_GPIO_Init)
    HAL_GPIO_WritePin                        0x08000871   Thumb Code    10  stm32f1xx_hal_gpio.o(i.HAL_GPIO_WritePin)
    HAL_GetTick                              0x0800087d   Thumb Code     6  stm32f1xx_hal.o(i.HAL_GetTick)
    HAL_Init                                 0x08000889   Thumb Code    32  stm32f1xx_hal.o(i.HAL_Init)
    HAL_InitTick                             0x080008ad   Thumb Code    34  stm32f1xx_hal.o(i.HAL_InitTick)
    HAL_MspInit                              0x080008d1   Thumb Code    52  stm32f1xx_hal_msp.o(i.HAL_MspInit)
    HAL_NVIC_EnableIRQ                       0x0800090d   Thumb Code    22  stm32f1xx_hal_cortex.o(i.HAL_NVIC_EnableIRQ)
    HAL_NVIC_SetPriority                     0x08000925   Thumb Code    60  stm32f1xx_hal_cortex.o(i.HAL_NVIC_SetPriority)
    HAL_NVIC_SetPriorityGrouping             0x08000965   Thumb Code    26  stm32f1xx_hal_cortex.o(i.HAL_NVIC_SetPriorityGrouping)
    HAL_RCCEx_PeriphCLKConfig                0x08000989   Thumb Code   282  stm32f1xx_hal_rcc_ex.o(i.HAL_RCCEx_PeriphCLKConfig)
    HAL_RCC_ClockConfig                      0x08000ab1   Thumb Code   638  stm32f1xx_hal_rcc.o(i.HAL_RCC_ClockConfig)
    HAL_RCC_GetHCLKFreq                      0x08000d39   Thumb Code    38  stm32f1xx_hal_rcc.o(i.HAL_RCC_GetHCLKFreq)
    HAL_RCC_GetPCLK1Freq                     0x08000d6d   Thumb Code    36  stm32f1xx_hal_rcc.o(i.HAL_RCC_GetPCLK1Freq)
    HAL_RCC_GetPCLK2Freq                     0x08000d99   Thumb Code    36  stm32f1xx_hal_rcc.o(i.HAL_RCC_GetPCLK2Freq)
    HAL_RCC_GetSysClockFreq                  0x08000dc5   Thumb Code   102  stm32f1xx_hal_rcc.o(i.HAL_RCC_GetSysClockFreq)
    HAL_RCC_OscConfig                        0x08000e4d   Thumb Code  1586  stm32f1xx_hal_rcc.o(i.HAL_RCC_OscConfig)
    HAL_SYSTICK_CLKSourceConfig              0x0800147f   Thumb Code    24  stm32f1xx_hal_cortex.o(i.HAL_SYSTICK_CLKSourceConfig)
    HAL_SYSTICK_Config                       0x08001497   Thumb Code    40  stm32f1xx_hal_cortex.o(i.HAL_SYSTICK_Config)
    HAL_UART_Init                            0x080014bf   Thumb Code    94  stm32f1xx_hal_uart.o(i.HAL_UART_Init)
    HAL_UART_MspInit                         0x0800151d   Thumb Code    52  usart.o(i.HAL_UART_MspInit)
    HAL_UART_Transmit                        0x0800155d   Thumb Code   204  stm32f1xx_hal_uart.o(i.HAL_UART_Transmit)
    MX_ADC1_Init                             0x08001629   Thumb Code    30  adc.o(i.MX_ADC1_Init)
    MX_FREERTOS_Init                         0x08001651   Thumb Code    78  freertos.o(i.MX_FREERTOS_Init)
    MX_GPIO_Init                             0x080016ad   Thumb Code   152  gpio.o(i.MX_GPIO_Init)
    MX_USART2_UART_Init                      0x0800175d   Thumb Code    32  usart.o(i.MX_USART2_UART_Init)
    MainTask                                 0x08001785   Thumb Code    34  maintask.o(i.MainTask)
    StartMainTask                            0x080017d1   Thumb Code     4  freertos.o(i.StartMainTask)
    SysTick_Handler                          0x080017d5   Thumb Code     4  stm32f1xx_it.o(i.SysTick_Handler)
    SystemClock_Config                       0x080017d9   Thumb Code   108  main.o(i.SystemClock_Config)
    SystemInit                               0x08001845   Thumb Code    56  system_stm32f1xx.o(i.SystemInit)
    __scatterload_copy                       0x080019ff   Thumb Code    14  handlers.o(i.__scatterload_copy)
    __scatterload_null                       0x08001a0d   Thumb Code     2  handlers.o(i.__scatterload_null)
    __scatterload_zeroinit                   0x08001a0f   Thumb Code    14  handlers.o(i.__scatterload_zeroinit)
    debugTimerCallback                       0x08001a1d   Thumb Code     4  freertos.o(i.debugTimerCallback)
    main                                     0x08001a2d   Thumb Code    30  main.o(i.main)
    osKernelStart                            0x08001a57   Thumb Code    10  cmsis_os.o(i.osKernelStart)
    osMessageCreate                          0x08001a61   Thumb Code     8  cmsis_os.o(i.osMessageCreate)
    osMessageGet                             0x08001a69   Thumb Code   138  cmsis_os.o(i.osMessageGet)
    osMessagePut                             0x08001af9   Thumb Code    78  cmsis_os.o(i.osMessagePut)
    osSystickHandler                         0x08001b4d   Thumb Code    20  cmsis_os.o(i.osSystickHandler)
    osThreadCreate                           0x08001b61   Thumb Code    56  cmsis_os.o(i.osThreadCreate)
    osTimerCreate                            0x08001b99   Thumb Code    30  cmsis_os.o(i.osTimerCreate)
    osTimerStart                             0x08001bbd   Thumb Code   174  cmsis_os.o(i.osTimerStart)
    pvPortMalloc                             0x080020ad   Thumb Code    68  heap_1.o(i.pvPortMalloc)
    pvTaskIncrementMutexHeldCount            0x080020f9   Thumb Code    18  tasks.o(i.pvTaskIncrementMutexHeldCount)
    pxPortInitialiseStack                    0x08002111   Thumb Code    28  port.o(i.pxPortInitialiseStack)
    uxListRemove                             0x08002131   Thumb Code    36  list.o(i.uxListRemove)
    vListInitialise                          0x08002155   Thumb Code    22  list.o(i.vListInitialise)
    vListInitialiseItem                      0x0800216b   Thumb Code     6  list.o(i.vListInitialiseItem)
    vListInsert                              0x08002171   Thumb Code    48  list.o(i.vListInsert)
    vListInsertEnd                           0x080021a1   Thumb Code    24  list.o(i.vListInsertEnd)
    vPortEnterCritical                       0x080021b9   Thumb Code    46  port.o(i.vPortEnterCritical)
    vPortExitCritical                        0x080021f1   Thumb Code    30  port.o(i.vPortExitCritical)
    vPortFree                                0x08002215   Thumb Code    14  heap_1.o(i.vPortFree)
    vPortSetupTimerInterrupt                 0x08002225   Thumb Code    26  port.o(i.vPortSetupTimerInterrupt)
    vPortValidateInterruptPriority           0x08002245   Thumb Code    54  port.o(i.vPortValidateInterruptPriority)
    vPortYield                               0x08002285   Thumb Code    18  port.o(i.vPortYield)
    vQueueAddToRegistry                      0x0800229d   Thumb Code    34  queue.o(i.vQueueAddToRegistry)
    vQueueWaitForMessageRestricted           0x080022c5   Thumb Code    56  queue.o(i.vQueueWaitForMessageRestricted)
    vTaskMissedYield                         0x080022fd   Thumb Code     8  tasks.o(i.vTaskMissedYield)
    vTaskPlaceOnEventList                    0x08002309   Thumb Code    80  tasks.o(i.vTaskPlaceOnEventList)
    vTaskPlaceOnEventListRestricted          0x08002361   Thumb Code    62  tasks.o(i.vTaskPlaceOnEventListRestricted)
    vTaskPriorityInherit                     0x080023a5   Thumb Code   124  tasks.o(i.vTaskPriorityInherit)
    vTaskSetTimeOutState                     0x08002429   Thumb Code    22  tasks.o(i.vTaskSetTimeOutState)
    vTaskStartScheduler                      0x08002445   Thumb Code    68  tasks.o(i.vTaskStartScheduler)
    vTaskSuspendAll                          0x08002499   Thumb Code    10  tasks.o(i.vTaskSuspendAll)
    vTaskSwitchContext                       0x080024a9   Thumb Code    74  tasks.o(i.vTaskSwitchContext)
    xPortStartScheduler                      0x080024fd   Thumb Code   102  port.o(i.xPortStartScheduler)
    xPortSysTickHandler                      0x08002571   Thumb Code    30  port.o(i.xPortSysTickHandler)
    xQueueGenericCreate                      0x08002595   Thumb Code    80  queue.o(i.xQueueGenericCreate)
    xQueueGenericReceive                     0x080025e5   Thumb Code   302  queue.o(i.xQueueGenericReceive)
    xQueueGenericReset                       0x08002713   Thumb Code   106  queue.o(i.xQueueGenericReset)
    xQueueGenericSend                        0x0800277d   Thumb Code   276  queue.o(i.xQueueGenericSend)
    xQueueGenericSendFromISR                 0x08002891   Thumb Code   140  queue.o(i.xQueueGenericSendFromISR)
    xQueueReceiveFromISR                     0x0800291d   Thumb Code   118  queue.o(i.xQueueReceiveFromISR)
    xTaskCheckForTimeOut                     0x08002995   Thumb Code    82  tasks.o(i.xTaskCheckForTimeOut)
    xTaskGenericCreate                       0x080029ed   Thumb Code   388  tasks.o(i.xTaskGenericCreate)
    xTaskGetSchedulerState                   0x08002b79   Thumb Code    22  tasks.o(i.xTaskGetSchedulerState)
    xTaskGetTickCount                        0x08002b95   Thumb Code     6  tasks.o(i.xTaskGetTickCount)
    xTaskGetTickCountFromISR                 0x08002ba1   Thumb Code    12  tasks.o(i.xTaskGetTickCountFromISR)
    xTaskIncrementTick                       0x08002bb1   Thumb Code   184  tasks.o(i.xTaskIncrementTick)
    xTaskPriorityDisinherit                  0x08002c71   Thumb Code   124  tasks.o(i.xTaskPriorityDisinherit)
    xTaskRemoveFromEventList                 0x08002cf5   Thumb Code    98  tasks.o(i.xTaskRemoveFromEventList)
    xTaskResumeAll                           0x08002d61   Thumb Code   162  tasks.o(i.xTaskResumeAll)
    xTimerCreate                             0x08002e0d   Thumb Code    62  timers.o(i.xTimerCreate)
    xTimerCreateTimerTask                    0x08002e4d   Thumb Code    50  timers.o(i.xTimerCreateTimerTask)
    xTimerGenericCommand                     0x08002e91   Thumb Code    68  timers.o(i.xTimerGenericCommand)
    xTimerIsTimerActive                      0x08002ed9   Thumb Code    26  timers.o(i.xTimerIsTimerActive)
    aAPBAHBPrescTable                        0x08002ef2   Data          16  stm32f1xx_hal_rcc.o(.constdata)
    Region$$Table$$Base                      0x08002f30   Number         0  anon$$obj.o(Region$$Table)
    Region$$Table$$Limit                     0x08002f50   Number         0  anon$$obj.o(Region$$Table)
    pxCurrentTCB                             0x20000024   Data           4  tasks.o(.data)
    SystemCoreClock                          0x20000060   Data           4  system_stm32f1xx.o(.data)
    mainTaskHandle                           0x20000064   Data           4  freertos.o(.data)
    debugTimerHandle                         0x20000068   Data           4  freertos.o(.data)
    mainTaskMessageQId                       0x2000006c   Data           4  maintask.o(.data)
    xQueueRegistry                           0x20002098   Data          64  queue.o(.bss)
    hadc1                                    0x200021c8   Data          48  adc.o(.bss)
    huart2                                   0x200021f8   Data          64  usart.o(.bss)
    __initial_sp                             0x20002638   Data           0  startup_stm32f103xb.o(STACK)



==============================================================================

Memory Map of the image

  Image Entry point : 0x080000ed

  Load Region LR_IROM1 (Base: 0x08000000, Size: 0x00002fc0, Max: 0x00020000, ABSOLUTE)

    Execution Region ER_IROM1 (Base: 0x08000000, Size: 0x00002f50, Max: 0x00020000, ABSOLUTE)

    Base Addr    Size         Type   Attr      Idx    E Section Name        Object

    0x08000000   0x000000ec   Data   RO         2650    RESET               startup_stm32f103xb.o
    0x080000ec   0x00000000   Code   RO         3002  * .ARM.Collect$$$$00000000  mc_w.l(entry.o)
    0x080000ec   0x00000004   Code   RO         3013    .ARM.Collect$$$$00000001  mc_w.l(entry2.o)
    0x080000f0   0x00000004   Code   RO         3016    .ARM.Collect$$$$00000004  mc_w.l(entry5.o)
    0x080000f4   0x00000000   Code   RO         3018    .ARM.Collect$$$$00000008  mc_w.l(entry7b.o)
    0x080000f4   0x00000000   Code   RO         3020    .ARM.Collect$$$$0000000A  mc_w.l(entry8b.o)
    0x080000f4   0x00000008   Code   RO         3021    .ARM.Collect$$$$0000000B  mc_w.l(entry9a.o)
    0x080000fc   0x00000000   Code   RO         3023    .ARM.Collect$$$$0000000D  mc_w.l(entry10a.o)
    0x080000fc   0x00000000   Code   RO         3025    .ARM.Collect$$$$0000000F  mc_w.l(entry11a.o)
    0x080000fc   0x00000004   Code   RO         3014    .ARM.Collect$$$$00002712  mc_w.l(entry2.o)
    0x08000100   0x000000a2   Code   RO          412    .emb_text           port.o
    0x080001a2   0x00000002   PAD
    0x080001a4   0x00000024   Code   RO         2651    .text               startup_stm32f103xb.o
    0x080001c8   0x00000024   Code   RO         3007    .text               mc_w.l(memcpya.o)
    0x080001ec   0x00000024   Code   RO         3009    .text               mc_w.l(memseta.o)
    0x08000210   0x00000024   Code   RO         3027    .text               mc_w.l(init.o)
    0x08000234   0x0000000c   Code   RO         2658    i.ADC1_2_IRQHandler  stm32f1xx_it.o
    0x08000240   0x0000004c   Code   RO         2138    i.ADC_ConversionStop_Disable  stm32f1xx_hal_adc.o
    0x0800028c   0x00000070   Code   RO         2142    i.ADC_Enable        stm32f1xx_hal_adc.o
    0x080002fc   0x00000020   Code   RO         2967    i.DebugTimer        debugtimer.o
    0x0800031c   0x00000016   Code   RO         2659    i.EXTI15_10_IRQHandler  stm32f1xx_it.o
    0x08000332   0x00000002   Code   RO         1735    i.HAL_ADCEx_InjectedConvCpltCallback  stm32f1xx_hal_adc_ex.o
    0x08000334   0x00000028   Code   RO         2968    i.HAL_ADC_ConvCpltCallback  debugtimer.o
    0x0800035c   0x00000006   Code   RO         2151    i.HAL_ADC_GetValue  stm32f1xx_hal_adc.o
    0x08000362   0x000000e6   Code   RO         2152    i.HAL_ADC_IRQHandler  stm32f1xx_hal_adc.o
    0x08000448   0x00000130   Code   RO         2153    i.HAL_ADC_Init      stm32f1xx_hal_adc.o
    0x08000578   0x00000002   Code   RO         2154    i.HAL_ADC_LevelOutOfWindowCallback  stm32f1xx_hal_adc.o
    0x0800057a   0x00000002   PAD
    0x0800057c   0x0000003c   Code   RO         2738    i.HAL_ADC_MspInit   adc.o
    0x080005b8   0x000000cc   Code   RO         2161    i.HAL_ADC_Start_IT  stm32f1xx_hal_adc.o
    0x08000684   0x00000016   Code   RO         1606    i.HAL_Delay         stm32f1xx_hal.o
    0x0800069a   0x00000002   Code   RO         2444    i.HAL_GPIO_EXTI_Callback  stm32f1xx_hal_gpio.o
    0x0800069c   0x00000018   Code   RO         2445    i.HAL_GPIO_EXTI_IRQHandler  stm32f1xx_hal_gpio.o
    0x080006b4   0x000001bc   Code   RO         2446    i.HAL_GPIO_Init     stm32f1xx_hal_gpio.o
    0x08000870   0x0000000a   Code   RO         2450    i.HAL_GPIO_WritePin  stm32f1xx_hal_gpio.o
    0x0800087a   0x00000002   PAD
    0x0800087c   0x0000000c   Code   RO         1610    i.HAL_GetTick       stm32f1xx_hal.o
    0x08000888   0x00000024   Code   RO         1612    i.HAL_Init          stm32f1xx_hal.o
    0x080008ac   0x00000022   Code   RO         1613    i.HAL_InitTick      stm32f1xx_hal.o
    0x080008ce   0x00000002   PAD
    0x080008d0   0x0000003c   Code   RO         2713    i.HAL_MspInit       stm32f1xx_hal_msp.o
    0x0800090c   0x00000016   Code   RO         1831    i.HAL_NVIC_EnableIRQ  stm32f1xx_hal_cortex.o
    0x08000922   0x00000002   PAD
    0x08000924   0x00000040   Code   RO         1837    i.HAL_NVIC_SetPriority  stm32f1xx_hal_cortex.o
    0x08000964   0x00000024   Code   RO         1838    i.HAL_NVIC_SetPriorityGrouping  stm32f1xx_hal_cortex.o
    0x08000988   0x00000128   Code   RO         2104    i.HAL_RCCEx_PeriphCLKConfig  stm32f1xx_hal_rcc_ex.o
    0x08000ab0   0x00000288   Code   RO         2510    i.HAL_RCC_ClockConfig  stm32f1xx_hal_rcc.o
    0x08000d38   0x00000034   Code   RO         2515    i.HAL_RCC_GetHCLKFreq  stm32f1xx_hal_rcc.o
    0x08000d6c   0x0000002c   Code   RO         2517    i.HAL_RCC_GetPCLK1Freq  stm32f1xx_hal_rcc.o
    0x08000d98   0x0000002c   Code   RO         2518    i.HAL_RCC_GetPCLK2Freq  stm32f1xx_hal_rcc.o
    0x08000dc4   0x00000088   Code   RO         2519    i.HAL_RCC_GetSysClockFreq  stm32f1xx_hal_rcc.o
    0x08000e4c   0x00000632   Code   RO         2522    i.HAL_RCC_OscConfig  stm32f1xx_hal_rcc.o
    0x0800147e   0x00000018   Code   RO         1840    i.HAL_SYSTICK_CLKSourceConfig  stm32f1xx_hal_cortex.o
    0x08001496   0x00000028   Code   RO         1842    i.HAL_SYSTICK_Config  stm32f1xx_hal_cortex.o
    0x080014be   0x0000005e   Code   RO         1275    i.HAL_UART_Init     stm32f1xx_hal_uart.o
    0x0800151c   0x00000040   Code   RO         2807    i.HAL_UART_MspInit  usart.o
    0x0800155c   0x000000cc   Code   RO         1283    i.HAL_UART_Transmit  stm32f1xx_hal_uart.o
    0x08001628   0x00000028   Code   RO         2739    i.MX_ADC1_Init      adc.o
    0x08001650   0x0000005c   Code   RO         2845    i.MX_FREERTOS_Init  freertos.o
    0x080016ac   0x000000b0   Code   RO         2779    i.MX_GPIO_Init      gpio.o
    0x0800175c   0x00000028   Code   RO         2808    i.MX_USART2_UART_Init  usart.o
    0x08001784   0x0000002c   Code   RO         2928    i.MainTask          maintask.o
    0x080017b0   0x00000020   Code   RO         1844    i.NVIC_SetPriority  stm32f1xx_hal_cortex.o
    0x080017d0   0x00000004   Code   RO         2846    i.StartMainTask     freertos.o
    0x080017d4   0x00000004   Code   RO         2660    i.SysTick_Handler   stm32f1xx_it.o
    0x080017d8   0x0000006c   Code   RO         2890    i.SystemClock_Config  main.o
    0x08001844   0x00000048   Code   RO         2615    i.SystemInit        system_stm32f1xx.o
    0x0800188c   0x000000e0   Code   RO         1294    i.UART_SetConfig    stm32f1xx_hal_uart.o
    0x0800196c   0x00000092   Code   RO         1296    i.UART_WaitOnFlagUntilTimeout  stm32f1xx_hal_uart.o
    0x080019fe   0x0000000e   Code   RO         3031    i.__scatterload_copy  mc_w.l(handlers.o)
    0x08001a0c   0x00000002   Code   RO         3032    i.__scatterload_null  mc_w.l(handlers.o)
    0x08001a0e   0x0000000e   Code   RO         3033    i.__scatterload_zeroinit  mc_w.l(handlers.o)
    0x08001a1c   0x00000004   Code   RO         2847    i.debugTimerCallback  freertos.o
    0x08001a20   0x0000000c   Code   RO           76    i.inHandlerMode     cmsis_os.o
    0x08001a2c   0x0000001e   Code   RO         2891    i.main              main.o
    0x08001a4a   0x0000000c   Code   RO           78    i.makeFreeRtosPriority  cmsis_os.o
    0x08001a56   0x0000000a   Code   RO           82    i.osKernelStart     cmsis_os.o
    0x08001a60   0x00000008   Code   RO           90    i.osMessageCreate   cmsis_os.o
    0x08001a68   0x00000090   Code   RO           91    i.osMessageGet      cmsis_os.o
    0x08001af8   0x00000054   Code   RO           93    i.osMessagePut      cmsis_os.o
    0x08001b4c   0x00000014   Code   RO          111    i.osSystickHandler  cmsis_os.o
    0x08001b60   0x00000038   Code   RO          112    i.osThreadCreate    cmsis_os.o
    0x08001b98   0x00000024   Code   RO          123    i.osTimerCreate     cmsis_os.o
    0x08001bbc   0x000000b4   Code   RO          125    i.osTimerStart      cmsis_os.o
    0x08001c70   0x00000034   Code   RO          863    i.prvAddCurrentTaskToDelayedList  tasks.o
    0x08001ca4   0x00000054   Code   RO          500    i.prvCheckForValidListAndQueue  timers.o
    0x08001cf8   0x00000054   Code   RO          864    i.prvCheckTasksWaitingTermination  tasks.o
    0x08001d4c   0x00000026   Code   RO          692    i.prvCopyDataFromQueue  queue.o
    0x08001d72   0x0000006e   Code   RO          693    i.prvCopyDataToQueue  queue.o
    0x08001de0   0x00000018   Code   RO          865    i.prvIdleTask       tasks.o
    0x08001df8   0x00000038   Code   RO          501    i.prvInsertTimerInActiveList  timers.o
    0x08001e30   0x000000a8   Code   RO          502    i.prvProcessReceivedCommands  timers.o
    0x08001ed8   0x0000008c   Code   RO          503    i.prvProcessTimerOrBlockTask  timers.o
    0x08001f64   0x00000020   Code   RO          867    i.prvResetNextTaskUnblockTime  tasks.o
    0x08001f84   0x00000028   Code   RO          504    i.prvSampleTimeNow  timers.o
    0x08001fac   0x00000060   Code   RO          505    i.prvSwitchTimerLists  timers.o
    0x0800200c   0x00000018   Code   RO          413    i.prvTaskExitError  port.o
    0x08002024   0x00000024   Code   RO          506    i.prvTimerTask      timers.o
    0x08002048   0x00000064   Code   RO          694    i.prvUnlockQueue    queue.o
    0x080020ac   0x0000004c   Code   RO            1    i.pvPortMalloc      heap_1.o
    0x080020f8   0x00000018   Code   RO          869    i.pvTaskIncrementMutexHeldCount  tasks.o
    0x08002110   0x00000020   Code   RO          414    i.pxPortInitialiseStack  port.o
    0x08002130   0x00000024   Code   RO          585    i.uxListRemove      list.o
    0x08002154   0x00000016   Code   RO          586    i.vListInitialise   list.o
    0x0800216a   0x00000006   Code   RO          587    i.vListInitialiseItem  list.o
    0x08002170   0x00000030   Code   RO          588    i.vListInsert       list.o
    0x080021a0   0x00000018   Code   RO          589    i.vListInsertEnd    list.o
    0x080021b8   0x00000038   Code   RO          416    i.vPortEnterCritical  port.o
    0x080021f0   0x00000024   Code   RO          417    i.vPortExitCritical  port.o
    0x08002214   0x0000000e   Code   RO            2    i.vPortFree         heap_1.o
    0x08002222   0x00000002   PAD
    0x08002224   0x00000020   Code   RO          418    i.vPortSetupTimerInterrupt  port.o
    0x08002244   0x00000040   Code   RO          419    i.vPortValidateInterruptPriority  port.o
    0x08002284   0x00000018   Code   RO          420    i.vPortYield        port.o
    0x0800229c   0x00000028   Code   RO          700    i.vQueueAddToRegistry  queue.o
    0x080022c4   0x00000038   Code   RO          704    i.vQueueWaitForMessageRestricted  queue.o
    0x080022fc   0x0000000c   Code   RO          880    i.vTaskMissedYield  tasks.o
    0x08002308   0x00000058   Code   RO          882    i.vTaskPlaceOnEventList  tasks.o
    0x08002360   0x00000044   Code   RO          883    i.vTaskPlaceOnEventListRestricted  tasks.o
    0x080023a4   0x00000084   Code   RO          885    i.vTaskPriorityInherit  tasks.o
    0x08002428   0x0000001c   Code   RO          889    i.vTaskSetTimeOutState  tasks.o
    0x08002444   0x00000054   Code   RO          890    i.vTaskStartScheduler  tasks.o
    0x08002498   0x00000010   Code   RO          892    i.vTaskSuspendAll   tasks.o
    0x080024a8   0x00000054   Code   RO          893    i.vTaskSwitchContext  tasks.o
    0x080024fc   0x00000074   Code   RO          421    i.xPortStartScheduler  port.o
    0x08002570   0x00000024   Code   RO          422    i.xPortSysTickHandler  port.o
    0x08002594   0x00000050   Code   RO          707    i.xQueueGenericCreate  queue.o
    0x080025e4   0x0000012e   Code   RO          708    i.xQueueGenericReceive  queue.o
    0x08002712   0x0000006a   Code   RO          709    i.xQueueGenericReset  queue.o
    0x0800277c   0x00000114   Code   RO          710    i.xQueueGenericSend  queue.o
    0x08002890   0x0000008c   Code   RO          711    i.xQueueGenericSendFromISR  queue.o
    0x0800291c   0x00000076   Code   RO          717    i.xQueueReceiveFromISR  queue.o
    0x08002992   0x00000002   PAD
    0x08002994   0x00000058   Code   RO          894    i.xTaskCheckForTimeOut  tasks.o
    0x080029ec   0x0000018c   Code   RO          895    i.xTaskGenericCreate  tasks.o
    0x08002b78   0x0000001c   Code   RO          898    i.xTaskGetSchedulerState  tasks.o
    0x08002b94   0x0000000c   Code   RO          899    i.xTaskGetTickCount  tasks.o
    0x08002ba0   0x00000010   Code   RO          900    i.xTaskGetTickCountFromISR  tasks.o
    0x08002bb0   0x000000c0   Code   RO          901    i.xTaskIncrementTick  tasks.o
    0x08002c70   0x00000084   Code   RO          904    i.xTaskPriorityDisinherit  tasks.o
    0x08002cf4   0x0000006c   Code   RO          905    i.xTaskRemoveFromEventList  tasks.o
    0x08002d60   0x000000ac   Code   RO          907    i.xTaskResumeAll    tasks.o
    0x08002e0c   0x0000003e   Code   RO          509    i.xTimerCreate      timers.o
    0x08002e4a   0x00000002   PAD
    0x08002e4c   0x00000044   Code   RO          510    i.xTimerCreateTimerTask  timers.o
    0x08002e90   0x00000048   Code   RO          511    i.xTimerGenericCommand  timers.o
    0x08002ed8   0x0000001a   Code   RO          512    i.xTimerIsTimerActive  timers.o
    0x08002ef2   0x00000010   Data   RO         2523    .constdata          stm32f1xx_hal_rcc.o
    0x08002f02   0x00000002   PAD
    0x08002f04   0x00000020   Data   RO         2848    .constdata          freertos.o
    0x08002f24   0x00000009   Data   RO         2849    .conststring        freertos.o
    0x08002f2d   0x00000003   PAD
    0x08002f30   0x00000020   Data   RO         3029    Region$$Table       anon$$obj.o


    Execution Region RW_IRAM1 (Base: 0x20000000, Size: 0x00002638, Max: 0x00005000, ABSOLUTE)

    Base Addr    Size         Type   Attr      Idx    E Section Name        Object

    0x20000000   0x00000008   Data   RW            6    .data               heap_1.o
    0x20000008   0x0000000c   Data   RW          423    .data               port.o
    0x20000014   0x00000010   Data   RW          514    .data               timers.o
    0x20000024   0x00000038   Data   RW          910    .data               tasks.o
    0x2000005c   0x00000004   Data   RW         1618    .data               stm32f1xx_hal.o
    0x20000060   0x00000004   Data   RW         2617    .data               system_stm32f1xx.o
    0x20000064   0x00000008   Data   RW         2850    .data               freertos.o
    0x2000006c   0x00000004   Data   RW         2930    .data               maintask.o
    0x20000070   0x00002000   Zero   RW            5    .bss                heap_1.o
    0x20002070   0x00000028   Zero   RW          513    .bss                timers.o
    0x20002098   0x00000040   Zero   RW          719    .bss                queue.o
    0x200020d8   0x000000f0   Zero   RW          909    .bss                tasks.o
    0x200021c8   0x00000030   Zero   RW         2740    .bss                adc.o
    0x200021f8   0x00000040   Zero   RW         2809    .bss                usart.o
    0x20002238   0x00000400   Zero   RW         2648    STACK               startup_stm32f103xb.o


==============================================================================

Image component sizes


      Code (inc. data)   RO Data    RW Data    ZI Data      Debug   Object Name

       100         20          0          0         48       1297   adc.o
       562         24          0          0          0      20189   cmsis_os.o
        72         18          0          0          0       1256   debugtimer.o
       100         14         41          8          0       5958   freertos.o
       176         24          0          0          0        879   gpio.o
        90          8          0          8       8192      16499   heap_1.o
       136          0          0          0          0       3186   list.o
       138          0          0          0          0        996   main.o
        44         10          0          4          0       4778   maintask.o
       582         78          0         12          0       8198   port.o
      1366          6          0          0         64      11952   queue.o
        36          8        236          0       1024        856   startup_stm32f103xb.o
       104         10          0          4          0       2920   stm32f1xx_hal.o
       934         26          0          0          0       5595   stm32f1xx_hal_adc.o
         2          0          0          0          0       1025   stm32f1xx_hal_adc_ex.o
       218         14          0          0          0      25709   stm32f1xx_hal_cortex.o
       480         42          0          0          0       3992   stm32f1xx_hal_gpio.o
         0          0          0          0          0     240344   stm32f1xx_hal_gpio_ex.o
        60          8          0          0          0        750   stm32f1xx_hal_msp.o
      2510         86         16          0          0       5908   stm32f1xx_hal_rcc.o
       296         14          0          0          0       1276   stm32f1xx_hal_rcc_ex.o
       668          4          0          0          0       3844   stm32f1xx_hal_uart.o
        38          6          0          0          0       1217   stm32f1xx_it.o
        72         16          0          4          0       1233   system_stm32f1xx.o
      1872        158          0         56        240      18888   tasks.o
       848         74          0         16         40       9584   timers.o
       104         20          0          0         64       1382   usart.o

    ----------------------------------------------------------------------
     11624        688        330        112       9672     399711   Object Totals
         0          0         32          0          0          0   (incl. Generated)
        16          0          5          0          0          0   (incl. Padding)

    ----------------------------------------------------------------------

      Code (inc. data)   RO Data    RW Data    ZI Data      Debug   Library Member Name

         0          0          0          0          0          0   entry.o
         0          0          0          0          0          0   entry10a.o
         0          0          0          0          0          0   entry11a.o
         8          4          0          0          0          0   entry2.o
         4          0          0          0          0          0   entry5.o
         0          0          0          0          0          0   entry7b.o
         0          0          0          0          0          0   entry8b.o
         8          4          0          0          0          0   entry9a.o
        30          0          0          0          0          0   handlers.o
        36          8          0          0          0         68   init.o
        36          0          0          0          0         68   memcpya.o
        36          0          0          0          0        108   memseta.o

    ----------------------------------------------------------------------
       158         16          0          0          0        244   Library Totals
         0          0          0          0          0          0   (incl. Padding)

    ----------------------------------------------------------------------

      Code (inc. data)   RO Data    RW Data    ZI Data      Debug   Library Name

       158         16          0          0          0        244   mc_w.l

    ----------------------------------------------------------------------
       158         16          0          0          0        244   Library Totals

    ----------------------------------------------------------------------

==============================================================================


      Code (inc. data)   RO Data    RW Data    ZI Data      Debug   

     11782        704        330        112       9672     393919   Grand Totals
     11782        704        330        112       9672     393919   ELF Image Totals
     11782        704        330        112          0          0   ROM Totals

==============================================================================

    Total RO  Size (Code + RO Data)                12112 (  11.83kB)
    Total RW  Size (RW Data + ZI Data)              9784 (   9.55kB)
    Total ROM Size (Code + RO Data + RW Data)      12224 (  11.94kB)

==============================================================================

